******************************************************************************
                  TI ARM Linker PC v20.2.5                     
******************************************************************************
>> Linked Tue Mar 15 19:01:47 2022

OUTPUT FILE NAME:   <test3.out>
ENTRY POINT SYMBOL: "_c_int00_noinit_noargs"  address: 000006f1


MEMORY CONFIGURATION

         name            origin    length      used     unused   attr    fill
----------------------  --------  ---------  --------  --------  ----  --------
  FLASH                 00000000   00040000  000008b8  0003f748  R  X
  SRAM                  20000000   00008000  00000200  00007e00  RW X


SEGMENT ALLOCATION MAP

run origin  load origin   length   init length attrs members
----------  ----------- ---------- ----------- ----- -------
00000000    00000000    000008b8   000008b8    r-x
  00000000    00000000    0000026c   0000026c    r-- .intvecs
  0000026c    0000026c    00000550   00000550    r-x .text
  000007bc    000007bc    000000fc   000000fc    r-- .const
20000000    20000000    00000200   00000000    rw-
  20000000    20000000    00000200   00000000    rw- .stack


SECTION ALLOCATION MAP

 output                                  attributes/
section   page    origin      length       input sections
--------  ----  ----------  ----------   ----------------
.intvecs   0    00000000    0000026c     
                  00000000    0000026c     tm4c123gh6pm_startup_ccs.obj (.intvecs)

.text      0    0000026c    00000550     
                  0000026c    00000132     driverlib.lib : gpio.obj (.text:GPIOPadConfigSet)
                  0000039e    00000002     --HOLE-- [fill = 0]
                  000003a0    00000110                   : sysctl.obj (.text:SysCtlClockGet)
                  000004b0    000000f4                   : sysctl.obj (.text:SysCtlClockSet)
                  000005a4    00000088     test3_main.obj (.text)
                  0000062c    00000048     driverlib.lib : gpio.obj (.text:GPIOPinConfigure)
                  00000674    00000046                   : uart.obj (.text:UARTConfigSetExpClk)
                  000006ba    00000002     --HOLE-- [fill = 0]
                  000006bc    00000034                   : sysctl.obj (.text:SysCtlPeripheralEnable)
                  000006f0    0000002c     rtsv7M4_T_le_v4SPD16_eabi.lib : boot_cortex_m.c.obj (.text:_c_int00_noinit_noargs:_c_int00_noinit_noargs)
                  0000071c    0000002a     driverlib.lib : gpio.obj (.text:GPIODirModeSet)
                  00000746    00000002     --HOLE-- [fill = 0]
                  00000748    00000020                   : uart.obj (.text:UARTDisable)
                  00000768    00000014                   : uart.obj (.text:UARTEnable)
                  0000077c    00000012                   : gpio.obj (.text:GPIOPinTypeUART)
                  0000078e    0000000c     tm4c123gh6pm_startup_ccs.obj (.text)
                  0000079a    0000000a     driverlib.lib : uart.obj (.text:UARTCharGet)
                  000007a4    0000000a                   : uart.obj (.text:UARTCharPut)
                  000007ae    00000006                   : sysctl.obj (.text:SysCtlDelay)
                  000007b4    00000004     rtsv7M4_T_le_v4SPD16_eabi.lib : pre_init.c.obj (.text:_system_pre_init)
                  000007b8    00000004                                   : exit.c.obj (.text:abort:abort)

.const     0    000007bc    000000fc     
                  000007bc    00000090     driverlib.lib : gpio.obj (.const:g_pui32GPIOBaseAddrs)
                  0000084c    0000006c                   : sysctl.obj (.const:g_pui32Xtals)

.cinit     0    00000000    00000000     UNINITIALIZED

.init_array 
*          0    00000000    00000000     UNINITIALIZED

.stack     0    20000000    00000200     UNINITIALIZED
                  20000000    00000004     rtsv7M4_T_le_v4SPD16_eabi.lib : boot_cortex_m.c.obj (.stack)
                  20000004    000001fc     --HOLE--

__llvm_prf_cnts 
*          0    20000000    00000000     UNINITIALIZED

MODULE SUMMARY

       Module                         code   ro data   rw data
       ------                         ----   -------   -------
    .\
       tm4c123gh6pm_startup_ccs.obj   12     620       0      
       test3_main.obj                 136    0         0      
    +--+------------------------------+------+---------+---------+
       Total:                         148    620       0      
                                                              
    C:/ti/TivaWare_C_Series-2.1.4.178/driverlib/ccs/Debug/driverlib.lib
       sysctl.obj                     574    108       0      
       gpio.obj                       438    144       0      
       uart.obj                       142    0         0      
    +--+------------------------------+------+---------+---------+
       Total:                         1154   252       0      
                                                              
    C:\ti\ccs1031\ccs\tools\compiler\ti-cgt-arm_20.2.5.LTS\lib\rtsv7M4_T_le_v4SPD16_eabi.lib
       boot_cortex_m.c.obj            44     0         0      
       exit.c.obj                     4      0         0      
       pre_init.c.obj                 4      0         0      
    +--+------------------------------+------+---------+---------+
       Total:                         52     0         0      
                                                              
       Stack:                         0      0         512    
    +--+------------------------------+------+---------+---------+
       Grand Total:                   1354   872       512    


GLOBAL SYMBOLS: SORTED ALPHABETICALLY BY Name 

address   name                   
-------   ----                   
000007b9  C$$EXIT                
0000071d  GPIODirModeSet         
0000026d  GPIOPadConfigSet       
0000062d  GPIOPinConfigure       
0000077d  GPIOPinTypeUART        
0000078f  ResetISR               
000003a1  SysCtlClockGet         
000004b1  SysCtlClockSet         
000007af  SysCtlDelay            
000006bd  SysCtlPeripheralEnable 
0000079b  UARTCharGet            
000007a5  UARTCharPut            
00000675  UARTConfigSetExpClk    
00000749  UARTDisable            
00000769  UARTEnable             
UNDEFED   UARTIntHandler         
20000200  __STACK_END            
00000200  __STACK_SIZE           
20000200  __STACK_TOP            
ffffffff  __TI_pprof_out_hndl    
ffffffff  __TI_prof_data_size    
ffffffff  __TI_prof_data_start   
00000000  __TI_static_base__     
ffffffff  __binit__              
ffffffff  __c_args__             
UNDEFED   __mpu_init             
20000000  __stack                
20000000  __start___llvm_prf_cnts
20000000  __stop___llvm_prf_cnts 
000006f1  _c_int00_noinit_noargs 
000007b5  _system_pre_init       
000007b9  abort                  
ffffffff  binit                  
00000000  g_pfnVectors           
000005a5  main                   


GLOBAL SYMBOLS: SORTED BY Symbol Address 

address   name                   
-------   ----                   
00000000  __TI_static_base__     
00000000  g_pfnVectors           
00000200  __STACK_SIZE           
0000026d  GPIOPadConfigSet       
000003a1  SysCtlClockGet         
000004b1  SysCtlClockSet         
000005a5  main                   
0000062d  GPIOPinConfigure       
00000675  UARTConfigSetExpClk    
000006bd  SysCtlPeripheralEnable 
000006f1  _c_int00_noinit_noargs 
0000071d  GPIODirModeSet         
00000749  UARTDisable            
00000769  UARTEnable             
0000077d  GPIOPinTypeUART        
0000078f  ResetISR               
0000079b  UARTCharGet            
000007a5  UARTCharPut            
000007af  SysCtlDelay            
000007b5  _system_pre_init       
000007b9  C$$EXIT                
000007b9  abort                  
20000000  __stack                
20000000  __start___llvm_prf_cnts
20000000  __stop___llvm_prf_cnts 
20000200  __STACK_END            
20000200  __STACK_TOP            
ffffffff  __TI_pprof_out_hndl    
ffffffff  __TI_prof_data_size    
ffffffff  __TI_prof_data_start   
ffffffff  __binit__              
ffffffff  __c_args__             
ffffffff  binit                  
UNDEFED   UARTIntHandler         
UNDEFED   __mpu_init             

[35 symbols]
