******************************************************************************
                  TI ARM Linker PC v20.2.5                     
******************************************************************************
>> Linked Thu Mar 17 18:41:01 2022

OUTPUT FILE NAME:   <test.out>
ENTRY POINT SYMBOL: "_c_int00_noargs"  address: 000046e9


MEMORY CONFIGURATION

         name            origin    length      used     unused   attr    fill
----------------------  --------  ---------  --------  --------  ----  --------
  FLASH                 00000000   00040000  00004d2c  0003b2d4  R  X
  SRAM                  20000000   00008000  00000419  00007be7  RW X


SEGMENT ALLOCATION MAP

run origin  load origin   length   init length attrs members
----------  ----------- ---------- ----------- ----- -------
00000000    00000000    00004d30   00004d30    r-x
  00000000    00000000    0000026c   0000026c    r-- .intvecs
  0000026c    0000026c    000046ec   000046ec    r-x .text
  00004958    00004958    0000038c   0000038c    r-- .const
  00004ce8    00004ce8    00000048   00000048    r-- .cinit
20000000    20000000    0000041c   00000000    rw-
  20000000    20000000    00000200   00000000    rw- .stack
  20000200    20000200    000001b1   00000000    rw- .bss
  200003b4    200003b4    00000068   00000000    rw- .data


SECTION ALLOCATION MAP

 output                                  attributes/
section   page    origin      length       input sections
--------  ----  ----------  ----------   ----------------
.intvecs   0    00000000    0000026c     
                  00000000    0000026c     tm4c123gh6pm_startup_ccs.obj (.intvecs)

.text      0    0000026c    000046ec     
                  0000026c    00000d98     main_test_mpu.obj (.text)
                  00001004    00000cd8     i2cm_drv.obj (.text)
                  00001cdc    000009d0     rtsv7M4_T_le_v4SPD16_eabi.lib : e_pow.c.obj (.text:pow)
                  000026ac    000005b0     mpu6050.obj (.text)
                  00002c5c    000004dc     uartstdio.obj (.text)
                  00003138    000002ec     rtsv7M4_T_le_v4SPD16_eabi.lib : s_atan.c.obj (.text:atan)
                  00003424    000001e4                                   : e_atan2.c.obj (.text:atan2)
                  00003608    000001b6                                   : fd_add_t2.asm.obj (.text)
                  000037be    00000002                                   : div0.asm.obj (.text)
                  000037c0    00000158                                   : e_sqrt.c.obj (.text:sqrt)
                  00003918    00000136                                   : fd_div_t2.asm.obj (.text)
                  00003a4e    00000132     driverlib.lib : gpio.obj (.text:GPIOPadConfigSet)
                  00003b80    00000110                   : sysctl.obj (.text:SysCtlClockGet)
                  00003c90    00000110     rtsv7M4_T_le_v4SPD16_eabi.lib : s_scalbn.c.obj (.text:scalbn)
                  00003da0    000000fc                                   : fd_mul_t2.asm.obj (.text)
                  00003e9c    000000f4     driverlib.lib : sysctl.obj (.text:SysCtlClockSet)
                  00003f90    0000009c     rtsv7M4_T_le_v4SPD16_eabi.lib : memcpy_t2.asm.obj (.text)
                  0000402c    00000086                                   : fd_cmp_t2.asm.obj (.text:__aeabi_cdcmple)
                  000040b2    00000086                                   : fd_cmp_t2.asm.obj (.text:__aeabi_cdrcmple)
                  00004138    0000007a     driverlib.lib : adc.obj (.text:ADCSequenceStepConfigure)
                  000041b2    0000006e     rtsv7M4_T_le_v4SPD16_eabi.lib : fd_tos_t2.asm.obj (.text)
                  00004220    00000068     driverlib.lib : interrupt.obj (.text:IntEnable)
                  00004288    00000068     rtsv7M4_T_le_v4SPD16_eabi.lib : copy_decompress_lzss.c.obj (.text:decompress:lzss:__TI_decompress_lzss)
                  000042f0    00000060     driverlib.lib : timer.obj (.text:TimerConfigure)
                  00004350    00000050                   : adc.obj (.text:ADCSequenceConfigure)
                  000043a0    00000050                   : sysctl.obj (.text:SysCtlPeripheralReset)
                  000043f0    0000004c                   : i2c.obj (.text:I2CMasterInitExpClk)
                  0000443c    0000004c     rtsv7M4_T_le_v4SPD16_eabi.lib : atoi.c.obj (.text:atoi)
                  00004488    00000048     driverlib.lib : gpio.obj (.text:GPIOPinConfigure)
                  000044d0    00000048     rtsv7M4_T_le_v4SPD16_eabi.lib : fd_toi_t2.asm.obj (.text)
                  00004518    00000044                                   : autoinit.c.obj (.text:__TI_auto_init_nobinit_nopinit:__TI_auto_init_nobinit_nopinit)
                  0000455c    00000040                                   : u_divt2.asm.obj (.text)
                  0000459c    0000003c     driverlib.lib : ssi.obj (.text:SSIConfigSetExpClk)
                  000045d8    00000038     rtsv7M4_T_le_v4SPD16_eabi.lib : fs_tod_t2.asm.obj (.text)
                  00004610    00000036     i2cm_drv.obj (.text:I2CMRead)
                  00004646    00000036     i2cm_drv.obj (.text:I2CMWrite)
                  0000467c    00000036     i2cm_drv.obj (.text:I2CMWriteBatched)
                  000046b2    00000002     --HOLE-- [fill = 0]
                  000046b4    00000034     driverlib.lib : sysctl.obj (.text:SysCtlPeripheralEnable)
                  000046e8    00000034     rtsv7M4_T_le_v4SPD16_eabi.lib : boot_cortex_m.c.obj (.text:_c_int00_noargs:_c_int00_noargs)
                  0000471c    0000002e                                   : i_tofd_t2.asm.obj (.text)
                  0000474a    0000002a     driverlib.lib : gpio.obj (.text:GPIODirModeSet)
                  00004774    00000020     rtsv7M4_T_le_v4SPD16_eabi.lib : u_tofd_t2.asm.obj (.text)
                  00004794    0000001c                                   : copy_zero_init.c.obj (.text:decompress:ZI:__TI_zero_init_nomemset:__TI_zero_init_nomemset)
                  000047b0    0000001a                                   : s_copysign.c.obj (.text:copysign)
                  000047ca    00000018     driverlib.lib : gpio.obj (.text:GPIOPinTypeGPIOOutput)
                  000047e2    00000012                   : gpio.obj (.text:GPIOPinTypeADC)
                  000047f4    00000012                   : gpio.obj (.text:GPIOPinTypeI2C)
                  00004806    00000012                   : gpio.obj (.text:GPIOPinTypeI2CSCL)
                  00004818    00000012                   : gpio.obj (.text:GPIOPinTypeSSI)
                  0000482a    00000012                   : gpio.obj (.text:GPIOPinTypeUART)
                  0000483c    00000012                   : ssi.obj (.text:SSIDataGetNonBlocking)
                  0000484e    00000012                   : timer.obj (.text:TimerLoadSet)
                  00004860    00000010                   : fpu.obj (.text:FPULazyStackingEnable)
                  00004870    00000010                   : interrupt.obj (.text:IntMasterDisable)
                  00004880    00000010                   : interrupt.obj (.text:IntMasterEnable)
                  00004890    0000000e                   : adc.obj (.text:ADCSequenceEnable)
                  0000489e    0000000e                   : timer.obj (.text:TimerEnable)
                  000048ac    0000000e     rtsv7M4_T_le_v4SPD16_eabi.lib : copy_decompress_none.c.obj (.text:decompress:none:__TI_decompress_none)
                  000048ba    0000000c     driverlib.lib : cpu.obj (.text:CPUcpsid)
                  000048c6    0000000c                   : cpu.obj (.text:CPUcpsie)
                  000048d2    00000002     --HOLE-- [fill = 0]
                  000048d4    0000000c                   : interrupt.obj (.text:IntTrigger)
                  000048e0    0000000c     tm4c123gh6pm_startup_ccs.obj (.text)
                  000048ec    0000000a     driverlib.lib : adc.obj (.text:ADCIntClear)
                  000048f6    0000000a                   : i2c.obj (.text:I2CMasterEnable)
                  00004900    0000000a                   : ssi.obj (.text:SSIDataPut)
                  0000490a    0000000a                   : ssi.obj (.text:SSIEnable)
                  00004914    0000000a                   : uart.obj (.text:UARTCharGet)
                  0000491e    00000008                   : ssi.obj (.text:SSIBusy)
                  00004926    00000008                   : timer.obj (.text:TimerIntEnable)
                  0000492e    00000008                   : uart.obj (.text:UARTIntEnable)
                  00004936    00000002     --HOLE-- [fill = 0]
                  00004938    00000008     rtsv7M4_T_le_v4SPD16_eabi.lib : errno.c.obj (.text:__aeabi_errno_addr)
                  00004940    00000006     driverlib.lib : sysctl.obj (.text:SysCtlDelay)
                  00004946    00000006                   : uart.obj (.text:UARTClockSourceSet)
                  0000494c    00000004                   : timer.obj (.text:TimerIntClear)
                  00004950    00000004     rtsv7M4_T_le_v4SPD16_eabi.lib : pre_init.c.obj (.text:_system_pre_init)
                  00004954    00000004                                   : exit.c.obj (.text:abort:abort)

.const     0    00004958    0000038c     
                  00004958    00000101     rtsv7M4_T_le_v4SPD16_eabi.lib : ctype.c.obj (.const:.string:_ctypes_)
                  00004a59    00000003     --HOLE-- [fill = 0]
                  00004a5c    00000004     uartstdio.obj (.const)
                  00004a60    00000098     rtsv7M4_T_le_v4SPD16_eabi.lib : s_atan.c.obj (.const:$O1$$)
                  00004af8    00000090     driverlib.lib : gpio.obj (.const:g_pui32GPIOBaseAddrs)
                  00004b88    00000070                   : interrupt.obj (.const)
                  00004bf8    0000006c                   : sysctl.obj (.const:g_pui32Xtals)
                  00004c64    00000004     --HOLE-- [fill = 0]
                  00004c68    00000030     rtsv7M4_T_le_v4SPD16_eabi.lib : e_pow.c.obj (.const:$O1$$)
                  00004c98    00000012     uartstdio.obj (.const:.string)
                  00004caa    00000002     --HOLE-- [fill = 0]
                  00004cac    00000010     mpu6050.obj (.const:g_fMPU6050AccelFactors)
                  00004cbc    00000010     mpu6050.obj (.const:g_fMPU6050GyroFactors)
                  00004ccc    0000000c     uartstdio.obj (.const:g_ui32UARTBase)
                  00004cd8    0000000c     uartstdio.obj (.const:g_ui32UARTPeriph)

.cinit     0    00004ce8    00000048     
                  00004ce8    0000001e     (.cinit..data.load) [load image, compression = lzss]
                  00004d06    00000002     --HOLE-- [fill = 0]
                  00004d08    0000000c     (__TI_handler_table)
                  00004d14    00000004     --HOLE-- [fill = 0]
                  00004d18    00000008     (.cinit..bss.load) [load image, compression = zero_init]
                  00004d20    00000010     (__TI_cinit_table)

.init_array 
*          0    00000000    00000000     UNINITIALIZED

.bss       0    20000200    000001b1     UNINITIALIZED
                  20000200    00000124     (.common:g_sI2CMSimpleInst)
                  20000324    00000038     (.common:sMPU6050)
                  2000035c    0000000c     (.common:fAccel)
                  20000368    0000000c     (.common:fGyro)
                  20000374    00000004     (.common:E_k)
                  20000378    00000004     (.common:ceros)
                  2000037c    00000004     (.common:eD)
                  20000380    00000004     (.common:e_k)
                  20000384    00000004     (.common:e_k_1)
                  20000388    00000004     (.common:kd)
                  2000038c    00000004     (.common:ki)
                  20000390    00000004     (.common:kp)
                  20000394    00000004     (.common:mensaje)
                  20000398    00000004     (.common:mensaje2)
                  2000039c    00000004     (.common:u_k)
                  200003a0    00000004     (.common:u_k2)
                  200003a4    00000004     (.common:v0)
                  200003a8    00000004     (.common:v1)
                  200003ac    00000002     (.common:dato)
                  200003ae    00000002     (.common:valor)
                  200003b0    00000001     (.common:g_bMPU6050Done)

.data      0    200003b4    00000068     UNINITIALIZED
                  200003b4    0000005c     main_test_mpu.obj (.data)
                  20000410    00000005     uartstdio.obj (.data)
                  20000415    00000003     --HOLE--
                  20000418    00000004     rtsv7M4_T_le_v4SPD16_eabi.lib : errno.c.obj (.data)

.stack     0    20000000    00000200     UNINITIALIZED
                  20000000    00000004     rtsv7M4_T_le_v4SPD16_eabi.lib : boot_cortex_m.c.obj (.stack)
                  20000004    000001fc     --HOLE--

__llvm_prf_cnts 
*          0    20000000    00000000     UNINITIALIZED

MODULE SUMMARY

       Module                         code    ro data   rw data
       ------                         ----    -------   -------
    .\
       main_test_mpu.obj              3480    0         525    
       i2cm_drv.obj                   3450    0         0      
       mpu6050.obj                    1456    32        0      
       uartstdio.obj                  1244    46        5      
       tm4c123gh6pm_startup_ccs.obj   12      620       0      
    +--+------------------------------+-------+---------+---------+
       Total:                         9642    698       530    
                                                               
    C:/ti/TivaWare_C_Series-2.1.4.178/driverlib/ccs/Debug/driverlib.lib
       sysctl.obj                     654     108       0      
       gpio.obj                       534     144       0      
       interrupt.obj                  148     112       0      
       adc.obj                        226     0         0      
       timer.obj                      140     0         0      
       ssi.obj                        106     0         0      
       i2c.obj                        86      0         0      
       cpu.obj                        24      0         0      
       uart.obj                       24      0         0      
       fpu.obj                        16      0         0      
    +--+------------------------------+-------+---------+---------+
       Total:                         1958    364       0      
                                                               
    C:\ti\ccs1031\ccs\tools\compiler\ti-cgt-arm_20.2.5.LTS\lib\rtsv7M4_T_le_v4SPD16_eabi.lib
       e_pow.c.obj                    2512    48        0      
       s_atan.c.obj                   748     152       0      
       e_atan2.c.obj                  484     0         0      
       fd_add_t2.asm.obj              438     0         0      
       e_sqrt.c.obj                   344     0         0      
       fd_div_t2.asm.obj              310     0         0      
       s_scalbn.c.obj                 272     0         0      
       fd_cmp_t2.asm.obj              268     0         0      
       ctype.c.obj                    0       257       0      
       fd_mul_t2.asm.obj              252     0         0      
       memcpy_t2.asm.obj              156     0         0      
       fd_tos_t2.asm.obj              110     0         0      
       copy_decompress_lzss.c.obj     104     0         0      
       atoi.c.obj                     76      0         0      
       fd_toi_t2.asm.obj              72      0         0      
       autoinit.c.obj                 68      0         0      
       u_divt2.asm.obj                64      0         0      
       fs_tod_t2.asm.obj              56      0         0      
       boot_cortex_m.c.obj            52      0         0      
       i_tofd_t2.asm.obj              46      0         0      
       u_tofd_t2.asm.obj              32      0         0      
       copy_zero_init.c.obj           28      0         0      
       s_copysign.c.obj               26      0         0      
       copy_decompress_none.c.obj     14      0         0      
       errno.c.obj                    8       0         4      
       exit.c.obj                     4       0         0      
       pre_init.c.obj                 4       0         0      
       div0.asm.obj                   2       0         0      
    +--+------------------------------+-------+---------+---------+
       Total:                         6550    457       4      
                                                               
       Stack:                         0       0         512    
       Linker Generated:              0       66        0      
    +--+------------------------------+-------+---------+---------+
       Grand Total:                   18150   1585      1046   


LINKER GENERATED COPY TABLES

__TI_cinit_table @ 00004d20 records: 2, size/record: 8, table size: 16
	.data: load addr=00004ce8, load size=0000001e bytes, run addr=200003b4, run size=00000068 bytes, compression=lzss
	.bss: load addr=00004d18, load size=00000008 bytes, run addr=20000200, run size=000001b1 bytes, compression=zero_init


LINKER GENERATED HANDLER TABLE

__TI_handler_table @ 00004d08 records: 3, size/record: 4, table size: 12
	index: 0, handler: __TI_decompress_lzss
	index: 1, handler: __TI_decompress_none
	index: 2, handler: __TI_zero_init


GLOBAL SYMBOLS: SORTED ALPHABETICALLY BY Name 

address   name                          
-------   ----                          
000048ed  ADCIntClear                   
00004351  ADCSequenceConfigure          
00004891  ADCSequenceEnable             
00004139  ADCSequenceStepConfigure      
00004955  C$$EXIT                       
000048bb  CPUcpsid                      
000048c7  CPUcpsie                      
00000a69  ConfigureUART                 
20000374  E_k                           
00004861  FPULazyStackingEnable         
0000474b  GPIODirModeSet                
00003a4f  GPIOPadConfigSet              
00004489  GPIOPinConfigure              
000047e3  GPIOPinTypeADC                
000047cb  GPIOPinTypeGPIOOutput         
000047f5  GPIOPinTypeI2C                
00004807  GPIOPinTypeI2CSCL             
00004819  GPIOPinTypeSSI                
0000482b  GPIOPinTypeUART               
000016bb  I2CMCommand                   
00001653  I2CMInit                      
00001527  I2CMIntHandler                
00004611  I2CMRead                      
00001ba1  I2CMRead16BE                  
000019c5  I2CMReadModifyWrite16LE       
00001875  I2CMReadModifyWrite8          
00000b0b  I2CMSimpleIntHandler          
0000179f  I2CMTransferResume            
00004647  I2CMWrite                     
00001c67  I2CMWrite16BE                 
00001ad5  I2CMWrite8                    
0000467d  I2CMWriteBatched              
000048f7  I2CMasterEnable               
000043f1  I2CMasterInitExpClk           
000009f5  InitI2C0                      
00004221  IntEnable                     
00004871  IntMasterDisable              
00004881  IntMasterEnable               
000048d5  IntTrigger                    
00000af9  MPU6050Callback               
00002add  MPU6050DataAccelGetFloat      
00002a91  MPU6050DataAccelGetRaw        
00002bc1  MPU6050DataGyroGetFloat       
00002b71  MPU6050DataGyroGetRaw         
00002a2d  MPU6050DataRead               
00000ba9  MPU6050Example                
00002817  MPU6050Init                   
00002899  MPU6050Read                   
000029cf  MPU6050ReadModifyWrite        
00002905  MPU6050Write                  
000048e1  ResetISR                      
0000491f  SSIBusy                       
0000459d  SSIConfigSetExpClk            
0000483d  SSIDataGetNonBlocking         
00004901  SSIDataPut                    
0000490b  SSIEnable                     
00003b81  SysCtlClockGet                
00003e9d  SysCtlClockSet                
00004941  SysCtlDelay                   
000046b5  SysCtlPeripheralEnable        
000043a1  SysCtlPeripheralReset         
00000465  Timer0IntHandler              
00000645  Timer1IntHandler              
000042f1  TimerConfigure                
0000489f  TimerEnable                   
0000494d  TimerIntClear                 
00004927  TimerIntEnable                
0000484f  TimerLoadSet                  
00004915  UARTCharGet                   
00004947  UARTClockSourceSet            
0000492f  UARTIntEnable                 
0000029b  UARTIntHandler                
0000026d  UARTSend                      
00002c5d  UARTStdioConfig               
00002dd5  UARTgetc                      
00002d0f  UARTgets                      
00003103  UARTprintf                    
00002e09  UARTvprintf                   
00002cbd  UARTwrite                     
20000200  __STACK_END                   
00000200  __STACK_SIZE                  
20000200  __STACK_TOP                   
00004d20  __TI_CINIT_Base               
00004d30  __TI_CINIT_Limit              
00004d08  __TI_Handler_Table_Base       
00004d14  __TI_Handler_Table_Limit      
00004519  __TI_auto_init_nobinit_nopinit
00004289  __TI_decompress_lzss          
000048ad  __TI_decompress_none          
ffffffff  __TI_pprof_out_hndl           
ffffffff  __TI_prof_data_size           
ffffffff  __TI_prof_data_start          
00000000  __TI_static_base__            
00004795  __TI_zero_init_nomemset       
0000402d  __aeabi_cdcmpeq               
0000402d  __aeabi_cdcmple               
000040b3  __aeabi_cdrcmple              
000041b3  __aeabi_d2f                   
000044d1  __aeabi_d2iz                  
00003613  __aeabi_dadd                  
00003919  __aeabi_ddiv                  
00003da1  __aeabi_dmul                  
00003609  __aeabi_dsub                  
00004939  __aeabi_errno_addr            
000045d9  __aeabi_f2d                   
0000471d  __aeabi_i2d                   
000037bf  __aeabi_idiv0                 
000037bf  __aeabi_ldiv0                 
00003f91  __aeabi_memcpy                
00003f91  __aeabi_memcpy4               
00003f91  __aeabi_memcpy8               
00004775  __aeabi_ui2d                  
0000455d  __aeabi_uidiv                 
0000455d  __aeabi_uidivmod              
ffffffff  __binit__                     
ffffffff  __c_args__                    
UNDEFED   __mpu_init                    
20000000  __stack                       
20000000  __start___llvm_prf_cnts       
20000000  __stop___llvm_prf_cnts        
000046e9  _c_int00_noargs               
00004958  _ctypes_                      
UNDEFED   _system_post_cinit            
00004951  _system_pre_init              
2000040c  abc                           
00004955  abort                         
200003dc  angulo1                       
00003139  atan                          
00003425  atan2                         
00003425  atan2l                        
00003139  atanl                         
0000443d  atoi                          
200003f0  ban                           
200003f8  ban1                          
200003f9  ban2                          
200003fa  ban3                          
200003fb  ban4                          
ffffffff  binit                         
20000404  c                             
20000378  ceros                         
200003b4  cont0                         
200003b5  cont1                         
000047b1  copysign                      
000047b1  copysignl                     
200003ac  dato                          
00000ad5  delayMS                       
2000037c  eD                            
20000380  e_k                           
20000384  e_k_1                         
20000418  errno                         
2000035c  fAccel                        
20000368  fGyro                         
200003b0  g_bMPU6050Done                
00000000  g_pfnVectors                  
20000200  g_sI2CMSimpleInst             
200003d0  gyrox                         
200003d4  gyroy                         
200003d8  gyroz                         
200003f4  ind                           
20000388  kd                            
200003e8  kd1                           
200003ee  kd2                           
2000038c  ki                            
200003e6  ki1                           
200003ec  ki2                           
20000390  kp                            
200003e4  kp1                           
200003ea  kp2                           
00003c91  ldexp                         
00003c91  ldexpl                        
200003fc  length                        
200003fe  length2                       
2000040a  lengthkd2                     
20000408  lengthki2                     
20000406  lengthkp2                     
200003e0  lvl                           
00000dcd  main                          
00003f91  memcpy                        
20000394  mensaje                       
20000398  mensaje2                      
20000400  mensajes                      
00001cdd  pow                           
00001cdd  powl                          
20000324  sMPU6050                      
00003c91  scalbn                        
00003c91  scalbnl                       
000037c1  sqrt                          
000037c1  sqrtl                         
2000039c  u_k                           
200003a0  u_k2                          
200003a4  v0                            
200003a8  v1                            
200003ae  valor                         
200003b8  x                             
200003c4  x2                            
200003bc  y                             
200003c8  y2                            
200003c0  z                             
200003cc  z2                            


GLOBAL SYMBOLS: SORTED BY Symbol Address 

address   name                          
-------   ----                          
00000000  __TI_static_base__            
00000000  g_pfnVectors                  
00000200  __STACK_SIZE                  
0000026d  UARTSend                      
0000029b  UARTIntHandler                
00000465  Timer0IntHandler              
00000645  Timer1IntHandler              
000009f5  InitI2C0                      
00000a69  ConfigureUART                 
00000ad5  delayMS                       
00000af9  MPU6050Callback               
00000b0b  I2CMSimpleIntHandler          
00000ba9  MPU6050Example                
00000dcd  main                          
00001527  I2CMIntHandler                
00001653  I2CMInit                      
000016bb  I2CMCommand                   
0000179f  I2CMTransferResume            
00001875  I2CMReadModifyWrite8          
000019c5  I2CMReadModifyWrite16LE       
00001ad5  I2CMWrite8                    
00001ba1  I2CMRead16BE                  
00001c67  I2CMWrite16BE                 
00001cdd  pow                           
00001cdd  powl                          
00002817  MPU6050Init                   
00002899  MPU6050Read                   
00002905  MPU6050Write                  
000029cf  MPU6050ReadModifyWrite        
00002a2d  MPU6050DataRead               
00002a91  MPU6050DataAccelGetRaw        
00002add  MPU6050DataAccelGetFloat      
00002b71  MPU6050DataGyroGetRaw         
00002bc1  MPU6050DataGyroGetFloat       
00002c5d  UARTStdioConfig               
00002cbd  UARTwrite                     
00002d0f  UARTgets                      
00002dd5  UARTgetc                      
00002e09  UARTvprintf                   
00003103  UARTprintf                    
00003139  atan                          
00003139  atanl                         
00003425  atan2                         
00003425  atan2l                        
00003609  __aeabi_dsub                  
00003613  __aeabi_dadd                  
000037bf  __aeabi_idiv0                 
000037bf  __aeabi_ldiv0                 
000037c1  sqrt                          
000037c1  sqrtl                         
00003919  __aeabi_ddiv                  
00003a4f  GPIOPadConfigSet              
00003b81  SysCtlClockGet                
00003c91  ldexp                         
00003c91  ldexpl                        
00003c91  scalbn                        
00003c91  scalbnl                       
00003da1  __aeabi_dmul                  
00003e9d  SysCtlClockSet                
00003f91  __aeabi_memcpy                
00003f91  __aeabi_memcpy4               
00003f91  __aeabi_memcpy8               
00003f91  memcpy                        
0000402d  __aeabi_cdcmpeq               
0000402d  __aeabi_cdcmple               
000040b3  __aeabi_cdrcmple              
00004139  ADCSequenceStepConfigure      
000041b3  __aeabi_d2f                   
00004221  IntEnable                     
00004289  __TI_decompress_lzss          
000042f1  TimerConfigure                
00004351  ADCSequenceConfigure          
000043a1  SysCtlPeripheralReset         
000043f1  I2CMasterInitExpClk           
0000443d  atoi                          
00004489  GPIOPinConfigure              
000044d1  __aeabi_d2iz                  
00004519  __TI_auto_init_nobinit_nopinit
0000455d  __aeabi_uidiv                 
0000455d  __aeabi_uidivmod              
0000459d  SSIConfigSetExpClk            
000045d9  __aeabi_f2d                   
00004611  I2CMRead                      
00004647  I2CMWrite                     
0000467d  I2CMWriteBatched              
000046b5  SysCtlPeripheralEnable        
000046e9  _c_int00_noargs               
0000471d  __aeabi_i2d                   
0000474b  GPIODirModeSet                
00004775  __aeabi_ui2d                  
00004795  __TI_zero_init_nomemset       
000047b1  copysign                      
000047b1  copysignl                     
000047cb  GPIOPinTypeGPIOOutput         
000047e3  GPIOPinTypeADC                
000047f5  GPIOPinTypeI2C                
00004807  GPIOPinTypeI2CSCL             
00004819  GPIOPinTypeSSI                
0000482b  GPIOPinTypeUART               
0000483d  SSIDataGetNonBlocking         
0000484f  TimerLoadSet                  
00004861  FPULazyStackingEnable         
00004871  IntMasterDisable              
00004881  IntMasterEnable               
00004891  ADCSequenceEnable             
0000489f  TimerEnable                   
000048ad  __TI_decompress_none          
000048bb  CPUcpsid                      
000048c7  CPUcpsie                      
000048d5  IntTrigger                    
000048e1  ResetISR                      
000048ed  ADCIntClear                   
000048f7  I2CMasterEnable               
00004901  SSIDataPut                    
0000490b  SSIEnable                     
00004915  UARTCharGet                   
0000491f  SSIBusy                       
00004927  TimerIntEnable                
0000492f  UARTIntEnable                 
00004939  __aeabi_errno_addr            
00004941  SysCtlDelay                   
00004947  UARTClockSourceSet            
0000494d  TimerIntClear                 
00004951  _system_pre_init              
00004955  C$$EXIT                       
00004955  abort                         
00004958  _ctypes_                      
00004d08  __TI_Handler_Table_Base       
00004d14  __TI_Handler_Table_Limit      
00004d20  __TI_CINIT_Base               
00004d30  __TI_CINIT_Limit              
20000000  __stack                       
20000000  __start___llvm_prf_cnts       
20000000  __stop___llvm_prf_cnts        
20000200  __STACK_END                   
20000200  __STACK_TOP                   
20000200  g_sI2CMSimpleInst             
20000324  sMPU6050                      
2000035c  fAccel                        
20000368  fGyro                         
20000374  E_k                           
20000378  ceros                         
2000037c  eD                            
20000380  e_k                           
20000384  e_k_1                         
20000388  kd                            
2000038c  ki                            
20000390  kp                            
20000394  mensaje                       
20000398  mensaje2                      
2000039c  u_k                           
200003a0  u_k2                          
200003a4  v0                            
200003a8  v1                            
200003ac  dato                          
200003ae  valor                         
200003b0  g_bMPU6050Done                
200003b4  cont0                         
200003b5  cont1                         
200003b8  x                             
200003bc  y                             
200003c0  z                             
200003c4  x2                            
200003c8  y2                            
200003cc  z2                            
200003d0  gyrox                         
200003d4  gyroy                         
200003d8  gyroz                         
200003dc  angulo1                       
200003e0  lvl                           
200003e4  kp1                           
200003e6  ki1                           
200003e8  kd1                           
200003ea  kp2                           
200003ec  ki2                           
200003ee  kd2                           
200003f0  ban                           
200003f4  ind                           
200003f8  ban1                          
200003f9  ban2                          
200003fa  ban3                          
200003fb  ban4                          
200003fc  length                        
200003fe  length2                       
20000400  mensajes                      
20000404  c                             
20000406  lengthkp2                     
20000408  lengthki2                     
2000040a  lengthkd2                     
2000040c  abc                           
20000418  errno                         
ffffffff  __TI_pprof_out_hndl           
ffffffff  __TI_prof_data_size           
ffffffff  __TI_prof_data_start          
ffffffff  __binit__                     
ffffffff  __c_args__                    
ffffffff  binit                         
UNDEFED   __mpu_init                    
UNDEFED   _system_post_cinit            

[199 symbols]
