******************************************************************************
                  TI ARM Linker PC v20.2.5                     
******************************************************************************
>> Linked Tue Mar 15 23:52:00 2022

OUTPUT FILE NAME:   <test.out>
ENTRY POINT SYMBOL: "_c_int00_noargs"  address: 00003505


MEMORY CONFIGURATION

         name            origin    length      used     unused   attr    fill
----------------------  --------  ---------  --------  --------  ----  --------
  FLASH                 00000000   00040000  00003996  0003c66a  R  X
  SRAM                  20000000   00008000  000003d5  00007c2b  RW X


SEGMENT ALLOCATION MAP

run origin  load origin   length   init length attrs members
----------  ----------- ---------- ----------- ----- -------
00000000    00000000    000039a0   000039a0    r-x
  00000000    00000000    0000026c   0000026c    r-- .intvecs
  0000026c    0000026c    0000348e   0000348e    r-x .text
  00003700    00003700    00000254   00000254    r-- .const
  00003958    00003958    00000048   00000048    r-- .cinit
20000000    20000000    000003d8   00000000    rw-
  20000000    20000000    00000200   00000000    rw- .stack
  20000200    20000200    00000179   00000000    rw- .bss
  2000037c    2000037c    0000005c   00000000    rw- .data


SECTION ALLOCATION MAP

 output                                  attributes/
section   page    origin      length       input sections
--------  ----  ----------  ----------   ----------------
.intvecs   0    00000000    0000026c     
                  00000000    0000026c     tm4c123gh6pm_startup_ccs.obj (.intvecs)

.text      0    0000026c    0000348e     
                  0000026c    00000cd8     i2cm_drv.obj (.text)
                  00000f44    0000086c     main_test_mpu.obj (.text)
                  000017b0    000005b0     mpu6050.obj (.text)
                  00001d60    000004dc     uartstdio.obj (.text)
                  0000223c    000002ec     rtsv7M4_T_le_v4SPD16_eabi.lib : s_atan.c.obj (.text:atan)
                  00002528    000001e4                                   : e_atan2.c.obj (.text:atan2)
                  0000270c    000001b6                                   : fd_add_t2.asm.obj (.text)
                  000028c2    00000002                                   : div0.asm.obj (.text)
                  000028c4    00000158                                   : e_sqrt.c.obj (.text:sqrt)
                  00002a1c    00000136                                   : fd_div_t2.asm.obj (.text)
                  00002b52    00000132     driverlib.lib : gpio.obj (.text:GPIOPadConfigSet)
                  00002c84    00000110                   : sysctl.obj (.text:SysCtlClockGet)
                  00002d94    000000fc     rtsv7M4_T_le_v4SPD16_eabi.lib : fd_mul_t2.asm.obj (.text)
                  00002e90    000000f4     driverlib.lib : sysctl.obj (.text:SysCtlClockSet)
                  00002f84    0000009c     rtsv7M4_T_le_v4SPD16_eabi.lib : memcpy_t2.asm.obj (.text)
                  00003020    00000086                                   : fd_cmp_t2.asm.obj (.text:__aeabi_cdrcmple)
                  000030a6    0000006e                                   : fd_tos_t2.asm.obj (.text)
                  00003114    00000068     driverlib.lib : interrupt.obj (.text:IntEnable)
                  0000317c    00000068     rtsv7M4_T_le_v4SPD16_eabi.lib : copy_decompress_lzss.c.obj (.text:decompress:lzss:__TI_decompress_lzss)
                  000031e4    00000060     driverlib.lib : timer.obj (.text:TimerConfigure)
                  00003244    00000050                   : sysctl.obj (.text:SysCtlPeripheralReset)
                  00003294    0000004c                   : i2c.obj (.text:I2CMasterInitExpClk)
                  000032e0    00000048                   : gpio.obj (.text:GPIOPinConfigure)
                  00003328    00000046                   : uart.obj (.text:UARTConfigSetExpClk)
                  0000336e    00000002     --HOLE-- [fill = 0]
                  00003370    00000044     rtsv7M4_T_le_v4SPD16_eabi.lib : autoinit.c.obj (.text:__TI_auto_init_nobinit_nopinit:__TI_auto_init_nobinit_nopinit)
                  000033b4    00000040                                   : u_divt2.asm.obj (.text)
                  000033f4    00000038                                   : fs_tod_t2.asm.obj (.text)
                  0000342c    00000036     i2cm_drv.obj (.text:I2CMRead)
                  00003462    00000036     i2cm_drv.obj (.text:I2CMWrite)
                  00003498    00000036     i2cm_drv.obj (.text:I2CMWriteBatched)
                  000034ce    00000002     --HOLE-- [fill = 0]
                  000034d0    00000034     driverlib.lib : sysctl.obj (.text:SysCtlPeripheralEnable)
                  00003504    00000034     rtsv7M4_T_le_v4SPD16_eabi.lib : boot_cortex_m.c.obj (.text:_c_int00_noargs:_c_int00_noargs)
                  00003538    0000002a     driverlib.lib : gpio.obj (.text:GPIODirModeSet)
                  00003562    00000002     --HOLE-- [fill = 0]
                  00003564    00000020                   : uart.obj (.text:UARTDisable)
                  00003584    0000001c     rtsv7M4_T_le_v4SPD16_eabi.lib : copy_zero_init.c.obj (.text:decompress:ZI:__TI_zero_init_nomemset:__TI_zero_init_nomemset)
                  000035a0    00000018     driverlib.lib : gpio.obj (.text:GPIOPinTypeGPIOOutput)
                  000035b8    00000014                   : uart.obj (.text:UARTEnable)
                  000035cc    00000012                   : gpio.obj (.text:GPIOPinTypeI2C)
                  000035de    00000012                   : gpio.obj (.text:GPIOPinTypeI2CSCL)
                  000035f0    00000012                   : gpio.obj (.text:GPIOPinTypeUART)
                  00003602    00000012                   : timer.obj (.text:TimerLoadSet)
                  00003614    00000010                   : fpu.obj (.text:FPULazyStackingEnable)
                  00003624    00000010                   : interrupt.obj (.text:IntMasterDisable)
                  00003634    00000010                   : interrupt.obj (.text:IntMasterEnable)
                  00003644    0000000e                   : timer.obj (.text:TimerEnable)
                  00003652    0000000e                   : uart.obj (.text:UARTCharsAvail)
                  00003660    0000000e     rtsv7M4_T_le_v4SPD16_eabi.lib : copy_decompress_none.c.obj (.text:decompress:none:__TI_decompress_none)
                  0000366e    0000000c     driverlib.lib : cpu.obj (.text:CPUcpsid)
                  0000367a    0000000c                   : cpu.obj (.text:CPUcpsie)
                  00003686    00000002     --HOLE-- [fill = 0]
                  00003688    0000000c                   : interrupt.obj (.text:IntTrigger)
                  00003694    0000000c     tm4c123gh6pm_startup_ccs.obj (.text)
                  000036a0    0000000a     driverlib.lib : i2c.obj (.text:I2CMasterEnable)
                  000036aa    0000000a                   : uart.obj (.text:UARTCharGet)
                  000036b4    0000000a                   : uart.obj (.text:UARTIntStatus)
                  000036be    00000008                   : timer.obj (.text:TimerIntEnable)
                  000036c6    00000008                   : uart.obj (.text:UARTIntEnable)
                  000036ce    00000002     --HOLE-- [fill = 0]
                  000036d0    00000008     rtsv7M4_T_le_v4SPD16_eabi.lib : errno.c.obj (.text:__aeabi_errno_addr)
                  000036d8    00000006     driverlib.lib : gpio.obj (.text:GPIOPinWrite)
                  000036de    00000006                   : sysctl.obj (.text:SysCtlDelay)
                  000036e4    00000006                   : uart.obj (.text:UARTClockSourceSet)
                  000036ea    00000004                   : timer.obj (.text:TimerIntClear)
                  000036ee    00000004                   : uart.obj (.text:UARTIntClear)
                  000036f2    00000004     rtsv7M4_T_le_v4SPD16_eabi.lib : pre_init.c.obj (.text:_system_pre_init)
                  000036f6    00000004                                   : exit.c.obj (.text:abort:abort)

.const     0    00003700    00000254     
                  00003700    00000098     rtsv7M4_T_le_v4SPD16_eabi.lib : s_atan.c.obj (.const:$O1$$)
                  00003798    00000090     driverlib.lib : gpio.obj (.const:g_pui32GPIOBaseAddrs)
                  00003828    00000070                   : interrupt.obj (.const)
                  00003898    0000006c                   : sysctl.obj (.const:g_pui32Xtals)
                  00003904    00000012     uartstdio.obj (.const:.string)
                  00003916    00000002     --HOLE-- [fill = 0]
                  00003918    00000010     mpu6050.obj (.const:g_fMPU6050AccelFactors)
                  00003928    00000010     mpu6050.obj (.const:g_fMPU6050GyroFactors)
                  00003938    0000000c     uartstdio.obj (.const:g_ui32UARTBase)
                  00003944    0000000c     uartstdio.obj (.const:g_ui32UARTPeriph)
                  00003950    00000004     uartstdio.obj (.const)

.cinit     0    00003958    00000048     
                  00003958    0000001f     (.cinit..data.load) [load image, compression = lzss]
                  00003977    00000001     --HOLE-- [fill = 0]
                  00003978    0000000c     (__TI_handler_table)
                  00003984    00000004     --HOLE-- [fill = 0]
                  00003988    00000008     (.cinit..bss.load) [load image, compression = zero_init]
                  00003990    00000010     (__TI_cinit_table)

.init_array 
*          0    00000000    00000000     UNINITIALIZED

.bss       0    20000200    00000179     UNINITIALIZED
                  20000200    00000124     (.common:g_sI2CMSimpleInst)
                  20000324    00000038     (.common:sMPU6050)
                  2000035c    0000000c     (.common:fAccel)
                  20000368    0000000c     (.common:fGyro)
                  20000374    00000004     (.common:mensaje)
                  20000378    00000001     (.common:g_bMPU6050Done)

.data      0    2000037c    0000005c     UNINITIALIZED
                  2000037c    00000050     main_test_mpu.obj (.data)
                  200003cc    00000005     uartstdio.obj (.data)
                  200003d1    00000003     --HOLE--
                  200003d4    00000004     rtsv7M4_T_le_v4SPD16_eabi.lib : errno.c.obj (.data)

.stack     0    20000000    00000200     UNINITIALIZED
                  20000000    00000004     rtsv7M4_T_le_v4SPD16_eabi.lib : boot_cortex_m.c.obj (.stack)
                  20000004    000001fc     --HOLE--

__llvm_prf_cnts 
*          0    20000000    00000000     UNINITIALIZED

MODULE SUMMARY

       Module                         code    ro data   rw data
       ------                         ----    -------   -------
    .\
       i2cm_drv.obj                   3450    0         0      
       main_test_mpu.obj              2156    0         457    
       mpu6050.obj                    1456    32        0      
       uartstdio.obj                  1244    46        5      
       tm4c123gh6pm_startup_ccs.obj   12      620       0      
    +--+------------------------------+-------+---------+---------+
       Total:                         8318    698       462    
                                                               
    C:/ti/TivaWare_C_Series-2.1.4.178/driverlib/ccs/Debug/driverlib.lib
       sysctl.obj                     654     108       0      
       gpio.obj                       504     144       0      
       interrupt.obj                  148     112       0      
       uart.obj                       174     0         0      
       timer.obj                      140     0         0      
       i2c.obj                        86      0         0      
       cpu.obj                        24      0         0      
       fpu.obj                        16      0         0      
    +--+------------------------------+-------+---------+---------+
       Total:                         1746    364       0      
                                                               
    C:\ti\ccs1031\ccs\tools\compiler\ti-cgt-arm_20.2.5.LTS\lib\rtsv7M4_T_le_v4SPD16_eabi.lib
       s_atan.c.obj                   748     152       0      
       e_atan2.c.obj                  484     0         0      
       fd_add_t2.asm.obj              438     0         0      
       e_sqrt.c.obj                   344     0         0      
       fd_div_t2.asm.obj              310     0         0      
       fd_mul_t2.asm.obj              252     0         0      
       memcpy_t2.asm.obj              156     0         0      
       fd_cmp_t2.asm.obj              134     0         0      
       fd_tos_t2.asm.obj              110     0         0      
       copy_decompress_lzss.c.obj     104     0         0      
       autoinit.c.obj                 68      0         0      
       u_divt2.asm.obj                64      0         0      
       fs_tod_t2.asm.obj              56      0         0      
       boot_cortex_m.c.obj            52      0         0      
       copy_zero_init.c.obj           28      0         0      
       copy_decompress_none.c.obj     14      0         0      
       errno.c.obj                    8       0         4      
       exit.c.obj                     4       0         0      
       pre_init.c.obj                 4       0         0      
       div0.asm.obj                   2       0         0      
    +--+------------------------------+-------+---------+---------+
       Total:                         3380    152       4      
                                                               
       Stack:                         0       0         512    
       Linker Generated:              0       67        0      
    +--+------------------------------+-------+---------+---------+
       Grand Total:                   13444   1281      978    


LINKER GENERATED COPY TABLES

__TI_cinit_table @ 00003990 records: 2, size/record: 8, table size: 16
	.data: load addr=00003958, load size=0000001f bytes, run addr=2000037c, run size=0000005c bytes, compression=lzss
	.bss: load addr=00003988, load size=00000008 bytes, run addr=20000200, run size=00000179 bytes, compression=zero_init


LINKER GENERATED HANDLER TABLE

__TI_handler_table @ 00003978 records: 3, size/record: 4, table size: 12
	index: 0, handler: __TI_decompress_lzss
	index: 1, handler: __TI_decompress_none
	index: 2, handler: __TI_zero_init


GLOBAL SYMBOLS: SORTED ALPHABETICALLY BY Name 

address   name                          
-------   ----                          
000036f7  C$$EXIT                       
0000366f  CPUcpsid                      
0000367b  CPUcpsie                      
000014dd  ConfigureUART                 
00003615  FPULazyStackingEnable         
00003539  GPIODirModeSet                
00002b53  GPIOPadConfigSet              
000032e1  GPIOPinConfigure              
000035a1  GPIOPinTypeGPIOOutput         
000035cd  GPIOPinTypeI2C                
000035df  GPIOPinTypeI2CSCL             
000035f1  GPIOPinTypeUART               
000036d9  GPIOPinWrite                  
00000923  I2CMCommand                   
000008bb  I2CMInit                      
0000078f  I2CMIntHandler                
0000342d  I2CMRead                      
00000e09  I2CMRead16BE                  
00000c2d  I2CMReadModifyWrite16LE       
00000add  I2CMReadModifyWrite8          
00001585  I2CMSimpleIntHandler          
00000a07  I2CMTransferResume            
00003463  I2CMWrite                     
00000ecf  I2CMWrite16BE                 
00000d3d  I2CMWrite8                    
00003499  I2CMWriteBatched              
000036a1  I2CMasterEnable               
00003295  I2CMasterInitExpClk           
00001455  InitI2C0                      
00003115  IntEnable                     
00003625  IntMasterDisable              
00003635  IntMasterEnable               
00003689  IntTrigger                    
0000156d  MPU6050Callback               
00001be1  MPU6050DataAccelGetFloat      
00001b95  MPU6050DataAccelGetRaw        
00001cc5  MPU6050DataGyroGetFloat       
00001c75  MPU6050DataGyroGetRaw         
00001b31  MPU6050DataRead               
000015a9  MPU6050Example                
0000191b  MPU6050Init                   
0000199d  MPU6050Read                   
00001ad3  MPU6050ReadModifyWrite        
00001a09  MPU6050Write                  
00003695  ResetISR                      
00002c85  SysCtlClockGet                
00002e91  SysCtlClockSet                
000036df  SysCtlDelay                   
000034d1  SysCtlPeripheralEnable        
00003245  SysCtlPeripheralReset         
00000fed  Timer0IntHandler              
00001061  Timer1IntHandler              
000031e5  TimerConfigure                
00003645  TimerEnable                   
000036eb  TimerIntClear                 
000036bf  TimerIntEnable                
00003603  TimerLoadSet                  
000036ab  UARTCharGet                   
00003653  UARTCharsAvail                
000036e5  UARTClockSourceSet            
00003329  UARTConfigSetExpClk           
00003565  UARTDisable                   
000035b9  UARTEnable                    
000036ef  UARTIntClear                  
000036c7  UARTIntEnable                 
00000f73  UARTIntHandler                
000036b5  UARTIntStatus                 
00000f45  UARTSend                      
00001d61  UARTStdioConfig               
00001ed9  UARTgetc                      
00001e13  UARTgets                      
00002207  UARTprintf                    
00001f0d  UARTvprintf                   
00001dc1  UARTwrite                     
20000200  __STACK_END                   
00000200  __STACK_SIZE                  
20000200  __STACK_TOP                   
00003990  __TI_CINIT_Base               
000039a0  __TI_CINIT_Limit              
00003978  __TI_Handler_Table_Base       
00003984  __TI_Handler_Table_Limit      
00003371  __TI_auto_init_nobinit_nopinit
0000317d  __TI_decompress_lzss          
00003661  __TI_decompress_none          
ffffffff  __TI_pprof_out_hndl           
ffffffff  __TI_prof_data_size           
ffffffff  __TI_prof_data_start          
00000000  __TI_static_base__            
00003585  __TI_zero_init_nomemset       
00003021  __aeabi_cdrcmple              
000030a7  __aeabi_d2f                   
00002717  __aeabi_dadd                  
00002a1d  __aeabi_ddiv                  
00002d95  __aeabi_dmul                  
0000270d  __aeabi_dsub                  
000036d1  __aeabi_errno_addr            
000033f5  __aeabi_f2d                   
000028c3  __aeabi_idiv0                 
000028c3  __aeabi_ldiv0                 
00002f85  __aeabi_memcpy                
00002f85  __aeabi_memcpy4               
00002f85  __aeabi_memcpy8               
000033b5  __aeabi_uidiv                 
000033b5  __aeabi_uidivmod              
ffffffff  __binit__                     
ffffffff  __c_args__                    
UNDEFED   __mpu_init                    
20000000  __stack                       
20000000  __start___llvm_prf_cnts       
20000000  __stop___llvm_prf_cnts        
00003505  _c_int00_noargs               
UNDEFED   _system_post_cinit            
000036f3  _system_pre_init              
000036f7  abort                         
200003a4  angulo1                       
0000223d  atan                          
00002529  atan2                         
00002529  atan2l                        
0000223d  atanl                         
200003c4  ban                           
ffffffff  binit                         
2000037c  cont0                         
2000037d  cont1                         
00001549  delayMS                       
200003d4  errno                         
2000035c  fAccel                        
20000368  fGyro                         
20000378  g_bMPU6050Done                
00000000  g_pfnVectors                  
20000200  g_sI2CMSimpleInst             
20000398  gyrox                         
2000039c  gyroy                         
200003a0  gyroz                         
200003c8  ind                           
200003b4  kd1                           
200003c0  kd2                           
200003b0  ki1                           
200003bc  ki2                           
200003ac  kp1                           
200003b8  kp2                           
200003a8  lvl                           
00001679  main                          
00002f85  memcpy                        
20000374  mensaje                       
20000324  sMPU6050                      
000028c5  sqrt                          
000028c5  sqrtl                         
20000380  x                             
2000038c  x2                            
20000384  y                             
20000390  y2                            
20000388  z                             
20000394  z2                            


GLOBAL SYMBOLS: SORTED BY Symbol Address 

address   name                          
-------   ----                          
00000000  __TI_static_base__            
00000000  g_pfnVectors                  
00000200  __STACK_SIZE                  
0000078f  I2CMIntHandler                
000008bb  I2CMInit                      
00000923  I2CMCommand                   
00000a07  I2CMTransferResume            
00000add  I2CMReadModifyWrite8          
00000c2d  I2CMReadModifyWrite16LE       
00000d3d  I2CMWrite8                    
00000e09  I2CMRead16BE                  
00000ecf  I2CMWrite16BE                 
00000f45  UARTSend                      
00000f73  UARTIntHandler                
00000fed  Timer0IntHandler              
00001061  Timer1IntHandler              
00001455  InitI2C0                      
000014dd  ConfigureUART                 
00001549  delayMS                       
0000156d  MPU6050Callback               
00001585  I2CMSimpleIntHandler          
000015a9  MPU6050Example                
00001679  main                          
0000191b  MPU6050Init                   
0000199d  MPU6050Read                   
00001a09  MPU6050Write                  
00001ad3  MPU6050ReadModifyWrite        
00001b31  MPU6050DataRead               
00001b95  MPU6050DataAccelGetRaw        
00001be1  MPU6050DataAccelGetFloat      
00001c75  MPU6050DataGyroGetRaw         
00001cc5  MPU6050DataGyroGetFloat       
00001d61  UARTStdioConfig               
00001dc1  UARTwrite                     
00001e13  UARTgets                      
00001ed9  UARTgetc                      
00001f0d  UARTvprintf                   
00002207  UARTprintf                    
0000223d  atan                          
0000223d  atanl                         
00002529  atan2                         
00002529  atan2l                        
0000270d  __aeabi_dsub                  
00002717  __aeabi_dadd                  
000028c3  __aeabi_idiv0                 
000028c3  __aeabi_ldiv0                 
000028c5  sqrt                          
000028c5  sqrtl                         
00002a1d  __aeabi_ddiv                  
00002b53  GPIOPadConfigSet              
00002c85  SysCtlClockGet                
00002d95  __aeabi_dmul                  
00002e91  SysCtlClockSet                
00002f85  __aeabi_memcpy                
00002f85  __aeabi_memcpy4               
00002f85  __aeabi_memcpy8               
00002f85  memcpy                        
00003021  __aeabi_cdrcmple              
000030a7  __aeabi_d2f                   
00003115  IntEnable                     
0000317d  __TI_decompress_lzss          
000031e5  TimerConfigure                
00003245  SysCtlPeripheralReset         
00003295  I2CMasterInitExpClk           
000032e1  GPIOPinConfigure              
00003329  UARTConfigSetExpClk           
00003371  __TI_auto_init_nobinit_nopinit
000033b5  __aeabi_uidiv                 
000033b5  __aeabi_uidivmod              
000033f5  __aeabi_f2d                   
0000342d  I2CMRead                      
00003463  I2CMWrite                     
00003499  I2CMWriteBatched              
000034d1  SysCtlPeripheralEnable        
00003505  _c_int00_noargs               
00003539  GPIODirModeSet                
00003565  UARTDisable                   
00003585  __TI_zero_init_nomemset       
000035a1  GPIOPinTypeGPIOOutput         
000035b9  UARTEnable                    
000035cd  GPIOPinTypeI2C                
000035df  GPIOPinTypeI2CSCL             
000035f1  GPIOPinTypeUART               
00003603  TimerLoadSet                  
00003615  FPULazyStackingEnable         
00003625  IntMasterDisable              
00003635  IntMasterEnable               
00003645  TimerEnable                   
00003653  UARTCharsAvail                
00003661  __TI_decompress_none          
0000366f  CPUcpsid                      
0000367b  CPUcpsie                      
00003689  IntTrigger                    
00003695  ResetISR                      
000036a1  I2CMasterEnable               
000036ab  UARTCharGet                   
000036b5  UARTIntStatus                 
000036bf  TimerIntEnable                
000036c7  UARTIntEnable                 
000036d1  __aeabi_errno_addr            
000036d9  GPIOPinWrite                  
000036df  SysCtlDelay                   
000036e5  UARTClockSourceSet            
000036eb  TimerIntClear                 
000036ef  UARTIntClear                  
000036f3  _system_pre_init              
000036f7  C$$EXIT                       
000036f7  abort                         
00003978  __TI_Handler_Table_Base       
00003984  __TI_Handler_Table_Limit      
00003990  __TI_CINIT_Base               
000039a0  __TI_CINIT_Limit              
20000000  __stack                       
20000000  __start___llvm_prf_cnts       
20000000  __stop___llvm_prf_cnts        
20000200  __STACK_END                   
20000200  __STACK_TOP                   
20000200  g_sI2CMSimpleInst             
20000324  sMPU6050                      
2000035c  fAccel                        
20000368  fGyro                         
20000374  mensaje                       
20000378  g_bMPU6050Done                
2000037c  cont0                         
2000037d  cont1                         
20000380  x                             
20000384  y                             
20000388  z                             
2000038c  x2                            
20000390  y2                            
20000394  z2                            
20000398  gyrox                         
2000039c  gyroy                         
200003a0  gyroz                         
200003a4  angulo1                       
200003a8  lvl                           
200003ac  kp1                           
200003b0  ki1                           
200003b4  kd1                           
200003b8  kp2                           
200003bc  ki2                           
200003c0  kd2                           
200003c4  ban                           
200003c8  ind                           
200003d4  errno                         
ffffffff  __TI_pprof_out_hndl           
ffffffff  __TI_prof_data_size           
ffffffff  __TI_prof_data_start          
ffffffff  __binit__                     
ffffffff  __c_args__                    
ffffffff  binit                         
UNDEFED   __mpu_init                    
UNDEFED   _system_post_cinit            

[153 symbols]
