******************************************************************************
                  TI ARM Linker PC v20.2.5                     
******************************************************************************
>> Linked Wed Mar 16 23:57:16 2022

OUTPUT FILE NAME:   <test.out>
ENTRY POINT SYMBOL: "_c_int00_noargs"  address: 0000433d


MEMORY CONFIGURATION

         name            origin    length      used     unused   attr    fill
----------------------  --------  ---------  --------  --------  ----  --------
  FLASH                 00000000   00040000  0000494e  0003b6b2  R  X
  SRAM                  20000000   00008000  000003e5  00007c1b  RW X


SEGMENT ALLOCATION MAP

run origin  load origin   length   init length attrs members
----------  ----------- ---------- ----------- ----- -------
00000000    00000000    00004958   00004958    r-x
  00000000    00000000    0000026c   0000026c    r-- .intvecs
  0000026c    0000026c    0000430e   0000430e    r-x .text
  00004580    00004580    0000038c   0000038c    r-- .const
  00004910    00004910    00000048   00000048    r-- .cinit
20000000    20000000    000003e8   00000000    rw-
  20000000    20000000    00000200   00000000    rw- .stack
  20000200    20000200    00000189   00000000    rw- .bss
  2000038c    2000038c    0000005c   00000000    rw- .data


SECTION ALLOCATION MAP

 output                                  attributes/
section   page    origin      length       input sections
--------  ----  ----------  ----------   ----------------
.intvecs   0    00000000    0000026c     
                  00000000    0000026c     tm4c123gh6pm_startup_ccs.obj (.intvecs)

.text      0    0000026c    0000430e     
                  0000026c    00000cd8     i2cm_drv.obj (.text)
                  00000f44    00000aa8     main_test_mpu.obj (.text)
                  000019ec    000009d0     rtsv7M4_T_le_v4SPD16_eabi.lib : e_pow.c.obj (.text:pow)
                  000023bc    000005b0     mpu6050.obj (.text)
                  0000296c    000004dc     uartstdio.obj (.text)
                  00002e48    000002ec     rtsv7M4_T_le_v4SPD16_eabi.lib : s_atan.c.obj (.text:atan)
                  00003134    000001e4                                   : e_atan2.c.obj (.text:atan2)
                  00003318    000001b6                                   : fd_add_t2.asm.obj (.text)
                  000034ce    00000002                                   : div0.asm.obj (.text)
                  000034d0    00000158                                   : e_sqrt.c.obj (.text:sqrt)
                  00003628    00000136                                   : fd_div_t2.asm.obj (.text)
                  0000375e    00000132     driverlib.lib : gpio.obj (.text:GPIOPadConfigSet)
                  00003890    00000110                   : sysctl.obj (.text:SysCtlClockGet)
                  000039a0    00000110     rtsv7M4_T_le_v4SPD16_eabi.lib : s_scalbn.c.obj (.text:scalbn)
                  00003ab0    000000fc                                   : fd_mul_t2.asm.obj (.text)
                  00003bac    000000f4     driverlib.lib : sysctl.obj (.text:SysCtlClockSet)
                  00003ca0    0000009c     rtsv7M4_T_le_v4SPD16_eabi.lib : memcpy_t2.asm.obj (.text)
                  00003d3c    00000086                                   : fd_cmp_t2.asm.obj (.text:__aeabi_cdcmple)
                  00003dc2    00000086                                   : fd_cmp_t2.asm.obj (.text:__aeabi_cdrcmple)
                  00003e48    0000006e                                   : fd_tos_t2.asm.obj (.text)
                  00003eb6    00000002     --HOLE-- [fill = 0]
                  00003eb8    00000068     driverlib.lib : interrupt.obj (.text:IntEnable)
                  00003f20    00000068     rtsv7M4_T_le_v4SPD16_eabi.lib : copy_decompress_lzss.c.obj (.text:decompress:lzss:__TI_decompress_lzss)
                  00003f88    00000060     driverlib.lib : timer.obj (.text:TimerConfigure)
                  00003fe8    00000050                   : sysctl.obj (.text:SysCtlPeripheralReset)
                  00004038    0000004c                   : i2c.obj (.text:I2CMasterInitExpClk)
                  00004084    0000004c     rtsv7M4_T_le_v4SPD16_eabi.lib : atoi.c.obj (.text:atoi)
                  000040d0    00000048     driverlib.lib : gpio.obj (.text:GPIOPinConfigure)
                  00004118    00000048     rtsv7M4_T_le_v4SPD16_eabi.lib : fd_toi_t2.asm.obj (.text)
                  00004160    00000046     driverlib.lib : uart.obj (.text:UARTConfigSetExpClk)
                  000041a6    00000002     --HOLE-- [fill = 0]
                  000041a8    00000044     rtsv7M4_T_le_v4SPD16_eabi.lib : autoinit.c.obj (.text:__TI_auto_init_nobinit_nopinit:__TI_auto_init_nobinit_nopinit)
                  000041ec    00000040                                   : u_divt2.asm.obj (.text)
                  0000422c    00000038                                   : fs_tod_t2.asm.obj (.text)
                  00004264    00000036     i2cm_drv.obj (.text:I2CMRead)
                  0000429a    00000036     i2cm_drv.obj (.text:I2CMWrite)
                  000042d0    00000036     i2cm_drv.obj (.text:I2CMWriteBatched)
                  00004306    00000002     --HOLE-- [fill = 0]
                  00004308    00000034     driverlib.lib : sysctl.obj (.text:SysCtlPeripheralEnable)
                  0000433c    00000034     rtsv7M4_T_le_v4SPD16_eabi.lib : boot_cortex_m.c.obj (.text:_c_int00_noargs:_c_int00_noargs)
                  00004370    0000002e                                   : i_tofd_t2.asm.obj (.text)
                  0000439e    0000002a     driverlib.lib : gpio.obj (.text:GPIODirModeSet)
                  000043c8    00000020                   : uart.obj (.text:UARTDisable)
                  000043e8    00000020     rtsv7M4_T_le_v4SPD16_eabi.lib : u_tofd_t2.asm.obj (.text)
                  00004408    0000001c                                   : copy_zero_init.c.obj (.text:decompress:ZI:__TI_zero_init_nomemset:__TI_zero_init_nomemset)
                  00004424    0000001a                                   : s_copysign.c.obj (.text:copysign)
                  0000443e    00000018     driverlib.lib : gpio.obj (.text:GPIOPinTypeGPIOOutput)
                  00004456    00000014                   : uart.obj (.text:UARTEnable)
                  0000446a    00000012                   : gpio.obj (.text:GPIOPinTypeI2C)
                  0000447c    00000012                   : gpio.obj (.text:GPIOPinTypeI2CSCL)
                  0000448e    00000012                   : gpio.obj (.text:GPIOPinTypeUART)
                  000044a0    00000012                   : timer.obj (.text:TimerLoadSet)
                  000044b2    00000002     --HOLE-- [fill = 0]
                  000044b4    00000010                   : fpu.obj (.text:FPULazyStackingEnable)
                  000044c4    00000010                   : interrupt.obj (.text:IntMasterDisable)
                  000044d4    00000010                   : interrupt.obj (.text:IntMasterEnable)
                  000044e4    0000000e                   : timer.obj (.text:TimerEnable)
                  000044f2    0000000e     rtsv7M4_T_le_v4SPD16_eabi.lib : copy_decompress_none.c.obj (.text:decompress:none:__TI_decompress_none)
                  00004500    0000000c     driverlib.lib : cpu.obj (.text:CPUcpsid)
                  0000450c    0000000c                   : cpu.obj (.text:CPUcpsie)
                  00004518    0000000c                   : interrupt.obj (.text:IntTrigger)
                  00004524    0000000c     tm4c123gh6pm_startup_ccs.obj (.text)
                  00004530    0000000a     driverlib.lib : i2c.obj (.text:I2CMasterEnable)
                  0000453a    0000000a                   : uart.obj (.text:UARTCharGet)
                  00004544    00000008                   : timer.obj (.text:TimerIntEnable)
                  0000454c    00000008                   : uart.obj (.text:UARTIntEnable)
                  00004554    00000008     rtsv7M4_T_le_v4SPD16_eabi.lib : errno.c.obj (.text:__aeabi_errno_addr)
                  0000455c    00000006     driverlib.lib : gpio.obj (.text:GPIOPinWrite)
                  00004562    00000006                   : sysctl.obj (.text:SysCtlDelay)
                  00004568    00000006                   : uart.obj (.text:UARTClockSourceSet)
                  0000456e    00000004                   : timer.obj (.text:TimerIntClear)
                  00004572    00000004     rtsv7M4_T_le_v4SPD16_eabi.lib : pre_init.c.obj (.text:_system_pre_init)
                  00004576    00000004                                   : exit.c.obj (.text:abort:abort)

.const     0    00004580    0000038c     
                  00004580    00000101     rtsv7M4_T_le_v4SPD16_eabi.lib : ctype.c.obj (.const:.string:_ctypes_)
                  00004681    00000003     --HOLE-- [fill = 0]
                  00004684    00000004     uartstdio.obj (.const)
                  00004688    00000098     rtsv7M4_T_le_v4SPD16_eabi.lib : s_atan.c.obj (.const:$O1$$)
                  00004720    00000090     driverlib.lib : gpio.obj (.const:g_pui32GPIOBaseAddrs)
                  000047b0    00000070                   : interrupt.obj (.const)
                  00004820    0000006c                   : sysctl.obj (.const:g_pui32Xtals)
                  0000488c    00000004     --HOLE-- [fill = 0]
                  00004890    00000030     rtsv7M4_T_le_v4SPD16_eabi.lib : e_pow.c.obj (.const:$O1$$)
                  000048c0    00000012     uartstdio.obj (.const:.string)
                  000048d2    00000002     --HOLE-- [fill = 0]
                  000048d4    00000010     mpu6050.obj (.const:g_fMPU6050AccelFactors)
                  000048e4    00000010     mpu6050.obj (.const:g_fMPU6050GyroFactors)
                  000048f4    0000000c     uartstdio.obj (.const:g_ui32UARTBase)
                  00004900    0000000c     uartstdio.obj (.const:g_ui32UARTPeriph)

.cinit     0    00004910    00000048     
                  00004910    00000021     (.cinit..data.load) [load image, compression = lzss]
                  00004931    00000003     --HOLE-- [fill = 0]
                  00004934    0000000c     (__TI_handler_table)
                  00004940    00000008     (.cinit..bss.load) [load image, compression = zero_init]
                  00004948    00000010     (__TI_cinit_table)

.init_array 
*          0    00000000    00000000     UNINITIALIZED

.bss       0    20000200    00000189     UNINITIALIZED
                  20000200    00000124     (.common:g_sI2CMSimpleInst)
                  20000324    00000038     (.common:sMPU6050)
                  2000035c    0000000c     (.common:fAccel)
                  20000368    0000000c     (.common:fGyro)
                  20000374    00000004     (.common:kd)
                  20000378    00000004     (.common:ki)
                  2000037c    00000004     (.common:kp)
                  20000380    00000004     (.common:mensaje)
                  20000384    00000004     (.common:mensaje2)
                  20000388    00000001     (.common:g_bMPU6050Done)

.data      0    2000038c    0000005c     UNINITIALIZED
                  2000038c    00000050     main_test_mpu.obj (.data)
                  200003dc    00000005     uartstdio.obj (.data)
                  200003e1    00000003     --HOLE--
                  200003e4    00000004     rtsv7M4_T_le_v4SPD16_eabi.lib : errno.c.obj (.data)

.stack     0    20000000    00000200     UNINITIALIZED
                  20000000    00000004     rtsv7M4_T_le_v4SPD16_eabi.lib : boot_cortex_m.c.obj (.stack)
                  20000004    000001fc     --HOLE--

__llvm_prf_cnts 
*          0    20000000    00000000     UNINITIALIZED

MODULE SUMMARY

       Module                         code    ro data   rw data
       ------                         ----    -------   -------
    .\
       i2cm_drv.obj                   3450    0         0      
       main_test_mpu.obj              2728    0         473    
       mpu6050.obj                    1456    32        0      
       uartstdio.obj                  1244    46        5      
       tm4c123gh6pm_startup_ccs.obj   12      620       0      
    +--+------------------------------+-------+---------+---------+
       Total:                         8890    698       478    
                                                               
    C:/ti/TivaWare_C_Series-2.1.4.178/driverlib/ccs/Debug/driverlib.lib
       sysctl.obj                     654     108       0      
       gpio.obj                       504     144       0      
       interrupt.obj                  148     112       0      
       uart.obj                       146     0         0      
       timer.obj                      140     0         0      
       i2c.obj                        86      0         0      
       cpu.obj                        24      0         0      
       fpu.obj                        16      0         0      
    +--+------------------------------+-------+---------+---------+
       Total:                         1718    364       0      
                                                               
    C:\ti\ccs1031\ccs\tools\compiler\ti-cgt-arm_20.2.5.LTS\lib\rtsv7M4_T_le_v4SPD16_eabi.lib
       e_pow.c.obj                    2512    48        0      
       s_atan.c.obj                   748     152       0      
       e_atan2.c.obj                  484     0         0      
       fd_add_t2.asm.obj              438     0         0      
       e_sqrt.c.obj                   344     0         0      
       fd_div_t2.asm.obj              310     0         0      
       s_scalbn.c.obj                 272     0         0      
       fd_cmp_t2.asm.obj              268     0         0      
       ctype.c.obj                    0       257       0      
       fd_mul_t2.asm.obj              252     0         0      
       memcpy_t2.asm.obj              156     0         0      
       fd_tos_t2.asm.obj              110     0         0      
       copy_decompress_lzss.c.obj     104     0         0      
       atoi.c.obj                     76      0         0      
       fd_toi_t2.asm.obj              72      0         0      
       autoinit.c.obj                 68      0         0      
       u_divt2.asm.obj                64      0         0      
       fs_tod_t2.asm.obj              56      0         0      
       boot_cortex_m.c.obj            52      0         0      
       i_tofd_t2.asm.obj              46      0         0      
       u_tofd_t2.asm.obj              32      0         0      
       copy_zero_init.c.obj           28      0         0      
       s_copysign.c.obj               26      0         0      
       copy_decompress_none.c.obj     14      0         0      
       errno.c.obj                    8       0         4      
       exit.c.obj                     4       0         0      
       pre_init.c.obj                 4       0         0      
       div0.asm.obj                   2       0         0      
    +--+------------------------------+-------+---------+---------+
       Total:                         6550    457       4      
                                                               
       Stack:                         0       0         512    
       Linker Generated:              0       69        0      
    +--+------------------------------+-------+---------+---------+
       Grand Total:                   17158   1588      994    


LINKER GENERATED COPY TABLES

__TI_cinit_table @ 00004948 records: 2, size/record: 8, table size: 16
	.data: load addr=00004910, load size=00000021 bytes, run addr=2000038c, run size=0000005c bytes, compression=lzss
	.bss: load addr=00004940, load size=00000008 bytes, run addr=20000200, run size=00000189 bytes, compression=zero_init


LINKER GENERATED HANDLER TABLE

__TI_handler_table @ 00004934 records: 3, size/record: 4, table size: 12
	index: 0, handler: __TI_decompress_lzss
	index: 1, handler: __TI_decompress_none
	index: 2, handler: __TI_zero_init


GLOBAL SYMBOLS: SORTED ALPHABETICALLY BY Name 

address   name                          
-------   ----                          
00004577  C$$EXIT                       
00004501  CPUcpsid                      
0000450d  CPUcpsie                      
00001591  ConfigureUART                 
000044b5  FPULazyStackingEnable         
0000439f  GPIODirModeSet                
0000375f  GPIOPadConfigSet              
000040d1  GPIOPinConfigure              
0000443f  GPIOPinTypeGPIOOutput         
0000446b  GPIOPinTypeI2C                
0000447d  GPIOPinTypeI2CSCL             
0000448f  GPIOPinTypeUART               
0000455d  GPIOPinWrite                  
00000923  I2CMCommand                   
000008bb  I2CMInit                      
0000078f  I2CMIntHandler                
00004265  I2CMRead                      
00000e09  I2CMRead16BE                  
00000c2d  I2CMReadModifyWrite16LE       
00000add  I2CMReadModifyWrite8          
00001649  I2CMSimpleIntHandler          
00000a07  I2CMTransferResume            
0000429b  I2CMWrite                     
00000ecf  I2CMWrite16BE                 
00000d3d  I2CMWrite8                    
000042d1  I2CMWriteBatched              
00004531  I2CMasterEnable               
00004039  I2CMasterInitExpClk           
00001521  InitI2C0                      
00003eb9  IntEnable                     
000044c5  IntMasterDisable              
000044d5  IntMasterEnable               
00004519  IntTrigger                    
00001631  MPU6050Callback               
000027ed  MPU6050DataAccelGetFloat      
000027a1  MPU6050DataAccelGetRaw        
000028d1  MPU6050DataGyroGetFloat       
00002881  MPU6050DataGyroGetRaw         
0000273d  MPU6050DataRead               
000016dd  MPU6050Example                
00002527  MPU6050Init                   
000025a9  MPU6050Read                   
000026df  MPU6050ReadModifyWrite        
00002615  MPU6050Write                  
00004525  ResetISR                      
00003891  SysCtlClockGet                
00003bad  SysCtlClockSet                
00004563  SysCtlDelay                   
00004309  SysCtlPeripheralEnable        
00003fe9  SysCtlPeripheralReset         
000010e1  Timer0IntHandler              
00001171  Timer1IntHandler              
00003f89  TimerConfigure                
000044e5  TimerEnable                   
0000456f  TimerIntClear                 
00004545  TimerIntEnable                
000044a1  TimerLoadSet                  
0000453b  UARTCharGet                   
00004569  UARTClockSourceSet            
00004161  UARTConfigSetExpClk           
000043c9  UARTDisable                   
00004457  UARTEnable                    
0000454d  UARTIntEnable                 
00000f73  UARTIntHandler                
00000f45  UARTSend                      
0000296d  UARTStdioConfig               
00002ae5  UARTgetc                      
00002a1f  UARTgets                      
00002e13  UARTprintf                    
00002b19  UARTvprintf                   
000029cd  UARTwrite                     
20000200  __STACK_END                   
00000200  __STACK_SIZE                  
20000200  __STACK_TOP                   
00004948  __TI_CINIT_Base               
00004958  __TI_CINIT_Limit              
00004934  __TI_Handler_Table_Base       
00004940  __TI_Handler_Table_Limit      
000041a9  __TI_auto_init_nobinit_nopinit
00003f21  __TI_decompress_lzss          
000044f3  __TI_decompress_none          
ffffffff  __TI_pprof_out_hndl           
ffffffff  __TI_prof_data_size           
ffffffff  __TI_prof_data_start          
00000000  __TI_static_base__            
00004409  __TI_zero_init_nomemset       
00003d3d  __aeabi_cdcmpeq               
00003d3d  __aeabi_cdcmple               
00003dc3  __aeabi_cdrcmple              
00003e49  __aeabi_d2f                   
00004119  __aeabi_d2iz                  
00003323  __aeabi_dadd                  
00003629  __aeabi_ddiv                  
00003ab1  __aeabi_dmul                  
00003319  __aeabi_dsub                  
00004555  __aeabi_errno_addr            
0000422d  __aeabi_f2d                   
00004371  __aeabi_i2d                   
000034cf  __aeabi_idiv0                 
000034cf  __aeabi_ldiv0                 
00003ca1  __aeabi_memcpy                
00003ca1  __aeabi_memcpy4               
00003ca1  __aeabi_memcpy8               
000043e9  __aeabi_ui2d                  
000041ed  __aeabi_uidiv                 
000041ed  __aeabi_uidivmod              
ffffffff  __binit__                     
ffffffff  __c_args__                    
UNDEFED   __mpu_init                    
20000000  __stack                       
20000000  __start___llvm_prf_cnts       
20000000  __stop___llvm_prf_cnts        
0000433d  _c_int00_noargs               
00004580  _ctypes_                      
UNDEFED   _system_post_cinit            
00004573  _system_pre_init              
00004577  abort                         
200003b4  angulo1                       
00002e49  atan                          
00003135  atan2                         
00003135  atan2l                        
00002e49  atanl                         
00004085  atoi                          
200003c8  ban                           
200003d0  ban1                          
200003d1  ban2                          
200003d2  ban3                          
200003d3  ban4                          
ffffffff  binit                         
2000038c  cont0                         
2000038d  cont1                         
00004425  copysign                      
00004425  copysignl                     
00001609  delayMS                       
200003e4  errno                         
2000035c  fAccel                        
20000368  fGyro                         
20000388  g_bMPU6050Done                
00000000  g_pfnVectors                  
20000200  g_sI2CMSimpleInst             
200003a8  gyrox                         
200003ac  gyroy                         
200003b0  gyroz                         
200003cc  ind                           
20000374  kd                            
200003c0  kd1                           
200003c6  kd2                           
20000378  ki                            
200003be  ki1                           
200003c4  ki2                           
2000037c  kp                            
200003bc  kp1                           
200003c2  kp2                           
000039a1  ldexp                         
000039a1  ldexpl                        
200003d4  length                        
200003d6  length2                       
200003b8  lvl                           
000018e5  main                          
00003ca1  memcpy                        
20000380  mensaje                       
20000384  mensaje2                      
200003d8  mensajes                      
000019ed  pow                           
000019ed  powl                          
20000324  sMPU6050                      
000039a1  scalbn                        
000039a1  scalbnl                       
000034d1  sqrt                          
000034d1  sqrtl                         
20000390  x                             
2000039c  x2                            
20000394  y                             
200003a0  y2                            
20000398  z                             
200003a4  z2                            


GLOBAL SYMBOLS: SORTED BY Symbol Address 

address   name                          
-------   ----                          
00000000  __TI_static_base__            
00000000  g_pfnVectors                  
00000200  __STACK_SIZE                  
0000078f  I2CMIntHandler                
000008bb  I2CMInit                      
00000923  I2CMCommand                   
00000a07  I2CMTransferResume            
00000add  I2CMReadModifyWrite8          
00000c2d  I2CMReadModifyWrite16LE       
00000d3d  I2CMWrite8                    
00000e09  I2CMRead16BE                  
00000ecf  I2CMWrite16BE                 
00000f45  UARTSend                      
00000f73  UARTIntHandler                
000010e1  Timer0IntHandler              
00001171  Timer1IntHandler              
00001521  InitI2C0                      
00001591  ConfigureUART                 
00001609  delayMS                       
00001631  MPU6050Callback               
00001649  I2CMSimpleIntHandler          
000016dd  MPU6050Example                
000018e5  main                          
000019ed  pow                           
000019ed  powl                          
00002527  MPU6050Init                   
000025a9  MPU6050Read                   
00002615  MPU6050Write                  
000026df  MPU6050ReadModifyWrite        
0000273d  MPU6050DataRead               
000027a1  MPU6050DataAccelGetRaw        
000027ed  MPU6050DataAccelGetFloat      
00002881  MPU6050DataGyroGetRaw         
000028d1  MPU6050DataGyroGetFloat       
0000296d  UARTStdioConfig               
000029cd  UARTwrite                     
00002a1f  UARTgets                      
00002ae5  UARTgetc                      
00002b19  UARTvprintf                   
00002e13  UARTprintf                    
00002e49  atan                          
00002e49  atanl                         
00003135  atan2                         
00003135  atan2l                        
00003319  __aeabi_dsub                  
00003323  __aeabi_dadd                  
000034cf  __aeabi_idiv0                 
000034cf  __aeabi_ldiv0                 
000034d1  sqrt                          
000034d1  sqrtl                         
00003629  __aeabi_ddiv                  
0000375f  GPIOPadConfigSet              
00003891  SysCtlClockGet                
000039a1  ldexp                         
000039a1  ldexpl                        
000039a1  scalbn                        
000039a1  scalbnl                       
00003ab1  __aeabi_dmul                  
00003bad  SysCtlClockSet                
00003ca1  __aeabi_memcpy                
00003ca1  __aeabi_memcpy4               
00003ca1  __aeabi_memcpy8               
00003ca1  memcpy                        
00003d3d  __aeabi_cdcmpeq               
00003d3d  __aeabi_cdcmple               
00003dc3  __aeabi_cdrcmple              
00003e49  __aeabi_d2f                   
00003eb9  IntEnable                     
00003f21  __TI_decompress_lzss          
00003f89  TimerConfigure                
00003fe9  SysCtlPeripheralReset         
00004039  I2CMasterInitExpClk           
00004085  atoi                          
000040d1  GPIOPinConfigure              
00004119  __aeabi_d2iz                  
00004161  UARTConfigSetExpClk           
000041a9  __TI_auto_init_nobinit_nopinit
000041ed  __aeabi_uidiv                 
000041ed  __aeabi_uidivmod              
0000422d  __aeabi_f2d                   
00004265  I2CMRead                      
0000429b  I2CMWrite                     
000042d1  I2CMWriteBatched              
00004309  SysCtlPeripheralEnable        
0000433d  _c_int00_noargs               
00004371  __aeabi_i2d                   
0000439f  GPIODirModeSet                
000043c9  UARTDisable                   
000043e9  __aeabi_ui2d                  
00004409  __TI_zero_init_nomemset       
00004425  copysign                      
00004425  copysignl                     
0000443f  GPIOPinTypeGPIOOutput         
00004457  UARTEnable                    
0000446b  GPIOPinTypeI2C                
0000447d  GPIOPinTypeI2CSCL             
0000448f  GPIOPinTypeUART               
000044a1  TimerLoadSet                  
000044b5  FPULazyStackingEnable         
000044c5  IntMasterDisable              
000044d5  IntMasterEnable               
000044e5  TimerEnable                   
000044f3  __TI_decompress_none          
00004501  CPUcpsid                      
0000450d  CPUcpsie                      
00004519  IntTrigger                    
00004525  ResetISR                      
00004531  I2CMasterEnable               
0000453b  UARTCharGet                   
00004545  TimerIntEnable                
0000454d  UARTIntEnable                 
00004555  __aeabi_errno_addr            
0000455d  GPIOPinWrite                  
00004563  SysCtlDelay                   
00004569  UARTClockSourceSet            
0000456f  TimerIntClear                 
00004573  _system_pre_init              
00004577  C$$EXIT                       
00004577  abort                         
00004580  _ctypes_                      
00004934  __TI_Handler_Table_Base       
00004940  __TI_Handler_Table_Limit      
00004948  __TI_CINIT_Base               
00004958  __TI_CINIT_Limit              
20000000  __stack                       
20000000  __start___llvm_prf_cnts       
20000000  __stop___llvm_prf_cnts        
20000200  __STACK_END                   
20000200  __STACK_TOP                   
20000200  g_sI2CMSimpleInst             
20000324  sMPU6050                      
2000035c  fAccel                        
20000368  fGyro                         
20000374  kd                            
20000378  ki                            
2000037c  kp                            
20000380  mensaje                       
20000384  mensaje2                      
20000388  g_bMPU6050Done                
2000038c  cont0                         
2000038d  cont1                         
20000390  x                             
20000394  y                             
20000398  z                             
2000039c  x2                            
200003a0  y2                            
200003a4  z2                            
200003a8  gyrox                         
200003ac  gyroy                         
200003b0  gyroz                         
200003b4  angulo1                       
200003b8  lvl                           
200003bc  kp1                           
200003be  ki1                           
200003c0  kd1                           
200003c2  kp2                           
200003c4  ki2                           
200003c6  kd2                           
200003c8  ban                           
200003cc  ind                           
200003d0  ban1                          
200003d1  ban2                          
200003d2  ban3                          
200003d3  ban4                          
200003d4  length                        
200003d6  length2                       
200003d8  mensajes                      
200003e4  errno                         
ffffffff  __TI_pprof_out_hndl           
ffffffff  __TI_prof_data_size           
ffffffff  __TI_prof_data_start          
ffffffff  __binit__                     
ffffffff  __c_args__                    
ffffffff  binit                         
UNDEFED   __mpu_init                    
UNDEFED   _system_post_cinit            

[176 symbols]
