******************************************************************************
                  TI ARM Linker PC v20.2.5                     
******************************************************************************
>> Linked Thu Mar 17 11:09:53 2022

OUTPUT FILE NAME:   <test_echo.out>
ENTRY POINT SYMBOL: "_c_int00_noargs"  address: 00001a5d


MEMORY CONFIGURATION

         name            origin    length      used     unused   attr    fill
----------------------  --------  ---------  --------  --------  ----  --------
  FLASH                 00000000   00040000  00001d5c  0003e2a4  R  X
  SRAM                  20000000   00008000  00000244  00007dbc  RW X


SEGMENT ALLOCATION MAP

run origin  load origin   length   init length attrs members
----------  ----------- ---------- ----------- ----- -------
00000000    00000000    00001d60   00001d60    r-x
  00000000    00000000    0000026c   0000026c    r-- .intvecs
  0000026c    0000026c    000018e8   000018e8    r-x .text
  00001b58    00001b58    000001c8   000001c8    r-- .const
  00001d20    00001d20    00000040   00000040    r-- .cinit
20000000    20000000    00000244   00000000    rw-
  20000000    20000000    00000200   00000000    rw- .stack
  20000200    20000200    0000002c   00000000    rw- .data
  2000022c    2000022c    00000018   00000000    rw- .bss


SECTION ALLOCATION MAP

 output                                  attributes/
section   page    origin      length       input sections
--------  ----  ----------  ----------   ----------------
.intvecs   0    00000000    0000026c     
                  00000000    0000026c     tm4c123gh6pm_startup_ccs.obj (.intvecs)

.text      0    0000026c    000018e8     
                  0000026c    000009d0     rtsv7M4_T_le_v4SPD16_eabi.lib : e_pow.c.obj (.text:pow)
                  00000c3c    0000049c     main_test_echo.obj (.text)
                  000010d8    000001b6     rtsv7M4_T_le_v4SPD16_eabi.lib : fd_add_t2.asm.obj (.text)
                  0000128e    00000002     --HOLE-- [fill = 0]
                  00001290    00000158                                   : e_sqrt.c.obj (.text:sqrt)
                  000013e8    00000136                                   : fd_div_t2.asm.obj (.text)
                  0000151e    00000002     --HOLE-- [fill = 0]
                  00001520    00000110                                   : s_scalbn.c.obj (.text:scalbn)
                  00001630    000000fc                                   : fd_mul_t2.asm.obj (.text)
                  0000172c    0000009c                                   : memcpy_t2.asm.obj (.text)
                  000017c8    00000086                                   : fd_cmp_t2.asm.obj (.text:__aeabi_cdcmple)
                  0000184e    00000086                                   : fd_cmp_t2.asm.obj (.text:__aeabi_cdrcmple)
                  000018d4    00000068                                   : copy_decompress_lzss.c.obj (.text:decompress:lzss:__TI_decompress_lzss)
                  0000193c    0000004c                                   : atoi.c.obj (.text:atoi)
                  00001988    00000048     driverlib.lib : gpio.obj (.text:GPIOPinConfigure)
                  000019d0    00000048     rtsv7M4_T_le_v4SPD16_eabi.lib : fd_toi_t2.asm.obj (.text)
                  00001a18    00000044                                   : autoinit.c.obj (.text:__TI_auto_init_nobinit_nopinit:__TI_auto_init_nobinit_nopinit)
                  00001a5c    00000034                                   : boot_cortex_m.c.obj (.text:_c_int00_noargs:_c_int00_noargs)
                  00001a90    0000002e                                   : i_tofd_t2.asm.obj (.text)
                  00001abe    00000020                                   : u_tofd_t2.asm.obj (.text)
                  00001ade    0000001c                                   : copy_zero_init.c.obj (.text:decompress:ZI:__TI_zero_init_nomemset:__TI_zero_init_nomemset)
                  00001afa    0000001a                                   : s_copysign.c.obj (.text:copysign)
                  00001b14    0000000e                                   : copy_decompress_none.c.obj (.text:decompress:none:__TI_decompress_none)
                  00001b22    0000000c     tm4c123gh6pm_startup_ccs.obj (.text)
                  00001b2e    0000000a     driverlib.lib : uart.obj (.text:UARTCharGet)
                  00001b38    00000008     rtsv7M4_T_le_v4SPD16_eabi.lib : errno.c.obj (.text:__aeabi_errno_addr)
                  00001b40    00000006     driverlib.lib : gpio.obj (.text:GPIOPinWrite)
                  00001b46    00000006                   : sysctl.obj (.text:SysCtlDelay)
                  00001b4c    00000004     rtsv7M4_T_le_v4SPD16_eabi.lib : pre_init.c.obj (.text:_system_pre_init)
                  00001b50    00000004                                   : exit.c.obj (.text:abort:abort)

.const     0    00001b58    000001c8     
                  00001b58    00000101     rtsv7M4_T_le_v4SPD16_eabi.lib : ctype.c.obj (.const:.string:_ctypes_)
                  00001c59    00000003     --HOLE-- [fill = 0]
                  00001c5c    00000090     driverlib.lib : gpio.obj (.const:g_pui32GPIOBaseAddrs)
                  00001cec    00000004     --HOLE-- [fill = 0]
                  00001cf0    00000030     rtsv7M4_T_le_v4SPD16_eabi.lib : e_pow.c.obj (.const:$O1$$)

.cinit     0    00001d20    00000040     
                  00001d20    0000001c     (.cinit..data.load) [load image, compression = lzss]
                  00001d3c    0000000c     (__TI_handler_table)
                  00001d48    00000008     (.cinit..bss.load) [load image, compression = zero_init]
                  00001d50    00000010     (__TI_cinit_table)

.init_array 
*          0    00000000    00000000     UNINITIALIZED

.data      0    20000200    0000002c     UNINITIALIZED
                  20000200    00000025     main_test_echo.obj (.data)
                  20000225    00000003     --HOLE--
                  20000228    00000004     rtsv7M4_T_le_v4SPD16_eabi.lib : errno.c.obj (.data)

.bss       0    2000022c    00000018     UNINITIALIZED
                  2000022c    00000004     (.common:ceros)
                  20000230    00000004     (.common:kd)
                  20000234    00000004     (.common:ki)
                  20000238    00000004     (.common:kp)
                  2000023c    00000004     (.common:mensaje)
                  20000240    00000004     (.common:mensaje2)

.stack     0    20000000    00000200     UNINITIALIZED
                  20000000    00000004     rtsv7M4_T_le_v4SPD16_eabi.lib : boot_cortex_m.c.obj (.stack)
                  20000004    000001fc     --HOLE--

__llvm_prf_cnts 
*          0    20000000    00000000     UNINITIALIZED

MODULE SUMMARY

       Module                         code   ro data   rw data
       ------                         ----   -------   -------
    .\
       main_test_echo.obj             1180   0         61     
       tm4c123gh6pm_startup_ccs.obj   12     620       0      
    +--+------------------------------+------+---------+---------+
       Total:                         1192   620       61     
                                                              
    C:/ti/TivaWare_C_Series-2.1.4.178/driverlib/ccs/Debug/driverlib.lib
       gpio.obj                       78     144       0      
       uart.obj                       10     0         0      
       sysctl.obj                     6      0         0      
    +--+------------------------------+------+---------+---------+
       Total:                         94     144       0      
                                                              
    C:\ti\ccs1031\ccs\tools\compiler\ti-cgt-arm_20.2.5.LTS\lib\rtsv7M4_T_le_v4SPD16_eabi.lib
       e_pow.c.obj                    2512   48        0      
       fd_add_t2.asm.obj              438    0         0      
       e_sqrt.c.obj                   344    0         0      
       fd_div_t2.asm.obj              310    0         0      
       s_scalbn.c.obj                 272    0         0      
       fd_cmp_t2.asm.obj              268    0         0      
       ctype.c.obj                    0      257       0      
       fd_mul_t2.asm.obj              252    0         0      
       memcpy_t2.asm.obj              156    0         0      
       copy_decompress_lzss.c.obj     104    0         0      
       atoi.c.obj                     76     0         0      
       fd_toi_t2.asm.obj              72     0         0      
       autoinit.c.obj                 68     0         0      
       boot_cortex_m.c.obj            52     0         0      
       i_tofd_t2.asm.obj              46     0         0      
       u_tofd_t2.asm.obj              32     0         0      
       copy_zero_init.c.obj           28     0         0      
       s_copysign.c.obj               26     0         0      
       copy_decompress_none.c.obj     14     0         0      
       errno.c.obj                    8      0         4      
       exit.c.obj                     4      0         0      
       pre_init.c.obj                 4      0         0      
    +--+------------------------------+------+---------+---------+
       Total:                         5086   305       4      
                                                              
       Stack:                         0      0         512    
       Linker Generated:              0      64        0      
    +--+------------------------------+------+---------+---------+
       Grand Total:                   6372   1133      577    


LINKER GENERATED COPY TABLES

__TI_cinit_table @ 00001d50 records: 2, size/record: 8, table size: 16
	.data: load addr=00001d20, load size=0000001c bytes, run addr=20000200, run size=0000002c bytes, compression=lzss
	.bss: load addr=00001d48, load size=00000008 bytes, run addr=2000022c, run size=00000018 bytes, compression=zero_init


LINKER GENERATED HANDLER TABLE

__TI_handler_table @ 00001d3c records: 3, size/record: 4, table size: 12
	index: 0, handler: __TI_decompress_lzss
	index: 1, handler: __TI_decompress_none
	index: 2, handler: __TI_zero_init


GLOBAL SYMBOLS: SORTED ALPHABETICALLY BY Name 

address   name                          
-------   ----                          
00001b51  C$$EXIT                       
00001989  GPIOPinConfigure              
00001b41  GPIOPinWrite                  
00001b23  ResetISR                      
00001b47  SysCtlDelay                   
00001b2f  UARTCharGet                   
00000c6b  UARTIntHandler                
00000c3d  UARTSend                      
20000200  __STACK_END                   
00000200  __STACK_SIZE                  
20000200  __STACK_TOP                   
00001d50  __TI_CINIT_Base               
00001d60  __TI_CINIT_Limit              
00001d3c  __TI_Handler_Table_Base       
00001d48  __TI_Handler_Table_Limit      
00001a19  __TI_auto_init_nobinit_nopinit
000018d5  __TI_decompress_lzss          
00001b15  __TI_decompress_none          
ffffffff  __TI_pprof_out_hndl           
ffffffff  __TI_prof_data_size           
ffffffff  __TI_prof_data_start          
00000000  __TI_static_base__            
00001adf  __TI_zero_init_nomemset       
000017c9  __aeabi_cdcmpeq               
000017c9  __aeabi_cdcmple               
0000184f  __aeabi_cdrcmple              
000019d1  __aeabi_d2iz                  
000010e3  __aeabi_dadd                  
000013e9  __aeabi_ddiv                  
00001631  __aeabi_dmul                  
000010d9  __aeabi_dsub                  
00001b39  __aeabi_errno_addr            
00001a91  __aeabi_i2d                   
0000172d  __aeabi_memcpy                
0000172d  __aeabi_memcpy4               
0000172d  __aeabi_memcpy8               
00001abf  __aeabi_ui2d                  
ffffffff  __binit__                     
ffffffff  __c_args__                    
UNDEFED   __mpu_init                    
20000000  __stack                       
20000000  __start___llvm_prf_cnts       
20000000  __stop___llvm_prf_cnts        
00001a5d  _c_int00_noargs               
00001b58  _ctypes_                      
UNDEFED   _system_post_cinit            
00001b4d  _system_pre_init              
00001b51  abort                         
0000193d  atoi                          
20000200  ban                           
20000208  ban1                          
20000209  ban2                          
2000020a  ban3                          
2000020b  ban4                          
ffffffff  binit                         
20000224  c                             
2000022c  ceros                         
00001afb  copysign                      
00001afb  copysignl                     
20000228  errno                         
00000000  g_pfnVectors                  
20000204  ind                           
20000230  kd                            
2000021c  kd1                           
20000222  kd2                           
20000234  ki                            
2000021a  ki1                           
20000220  ki2                           
20000238  kp                            
20000218  kp1                           
2000021e  kp2                           
00001521  ldexp                         
00001521  ldexpl                        
2000020c  length                        
2000020e  length2                       
20000214  lvl                           
00000e75  main                          
0000172d  memcpy                        
2000023c  mensaje                       
20000240  mensaje2                      
20000210  mensajes                      
0000026d  pow                           
0000026d  powl                          
00001521  scalbn                        
00001521  scalbnl                       
00001291  sqrt                          
00001291  sqrtl                         


GLOBAL SYMBOLS: SORTED BY Symbol Address 

address   name                          
-------   ----                          
00000000  __TI_static_base__            
00000000  g_pfnVectors                  
00000200  __STACK_SIZE                  
0000026d  pow                           
0000026d  powl                          
00000c3d  UARTSend                      
00000c6b  UARTIntHandler                
00000e75  main                          
000010d9  __aeabi_dsub                  
000010e3  __aeabi_dadd                  
00001291  sqrt                          
00001291  sqrtl                         
000013e9  __aeabi_ddiv                  
00001521  ldexp                         
00001521  ldexpl                        
00001521  scalbn                        
00001521  scalbnl                       
00001631  __aeabi_dmul                  
0000172d  __aeabi_memcpy                
0000172d  __aeabi_memcpy4               
0000172d  __aeabi_memcpy8               
0000172d  memcpy                        
000017c9  __aeabi_cdcmpeq               
000017c9  __aeabi_cdcmple               
0000184f  __aeabi_cdrcmple              
000018d5  __TI_decompress_lzss          
0000193d  atoi                          
00001989  GPIOPinConfigure              
000019d1  __aeabi_d2iz                  
00001a19  __TI_auto_init_nobinit_nopinit
00001a5d  _c_int00_noargs               
00001a91  __aeabi_i2d                   
00001abf  __aeabi_ui2d                  
00001adf  __TI_zero_init_nomemset       
00001afb  copysign                      
00001afb  copysignl                     
00001b15  __TI_decompress_none          
00001b23  ResetISR                      
00001b2f  UARTCharGet                   
00001b39  __aeabi_errno_addr            
00001b41  GPIOPinWrite                  
00001b47  SysCtlDelay                   
00001b4d  _system_pre_init              
00001b51  C$$EXIT                       
00001b51  abort                         
00001b58  _ctypes_                      
00001d3c  __TI_Handler_Table_Base       
00001d48  __TI_Handler_Table_Limit      
00001d50  __TI_CINIT_Base               
00001d60  __TI_CINIT_Limit              
20000000  __stack                       
20000000  __start___llvm_prf_cnts       
20000000  __stop___llvm_prf_cnts        
20000200  __STACK_END                   
20000200  __STACK_TOP                   
20000200  ban                           
20000204  ind                           
20000208  ban1                          
20000209  ban2                          
2000020a  ban3                          
2000020b  ban4                          
2000020c  length                        
2000020e  length2                       
20000210  mensajes                      
20000214  lvl                           
20000218  kp1                           
2000021a  ki1                           
2000021c  kd1                           
2000021e  kp2                           
20000220  ki2                           
20000222  kd2                           
20000224  c                             
20000228  errno                         
2000022c  ceros                         
20000230  kd                            
20000234  ki                            
20000238  kp                            
2000023c  mensaje                       
20000240  mensaje2                      
ffffffff  __TI_pprof_out_hndl           
ffffffff  __TI_prof_data_size           
ffffffff  __TI_prof_data_start          
ffffffff  __binit__                     
ffffffff  __c_args__                    
ffffffff  binit                         
UNDEFED   __mpu_init                    
UNDEFED   _system_post_cinit            

[87 symbols]
