******************************************************************************
                  TI ARM Linker PC v20.2.5                     
******************************************************************************
>> Linked Wed Mar 16 23:34:48 2022

OUTPUT FILE NAME:   <test_echo.out>
ENTRY POINT SYMBOL: "_c_int00_noargs"  address: 00001a0d


MEMORY CONFIGURATION

         name            origin    length      used     unused   attr    fill
----------------------  --------  ---------  --------  --------  ----  --------
  FLASH                 00000000   00040000  00001d0c  0003e2f4  R  X
  SRAM                  20000000   00008000  0000023c  00007dc4  RW X


SEGMENT ALLOCATION MAP

run origin  load origin   length   init length attrs members
----------  ----------- ---------- ----------- ----- -------
00000000    00000000    00001d10   00001d10    r-x
  00000000    00000000    0000026c   0000026c    r-- .intvecs
  0000026c    0000026c    00001898   00001898    r-x .text
  00001b08    00001b08    000001c8   000001c8    r-- .const
  00001cd0    00001cd0    00000040   00000040    r-- .cinit
20000000    20000000    0000023c   00000000    rw-
  20000000    20000000    00000200   00000000    rw- .stack
  20000200    20000200    00000028   00000000    rw- .data
  20000228    20000228    00000014   00000000    rw- .bss


SECTION ALLOCATION MAP

 output                                  attributes/
section   page    origin      length       input sections
--------  ----  ----------  ----------   ----------------
.intvecs   0    00000000    0000026c     
                  00000000    0000026c     tm4c123gh6pm_startup_ccs.obj (.intvecs)

.text      0    0000026c    00001898     
                  0000026c    000009d0     rtsv7M4_T_le_v4SPD16_eabi.lib : e_pow.c.obj (.text:pow)
                  00000c3c    0000044c     main_test_echo.obj (.text)
                  00001088    000001b6     rtsv7M4_T_le_v4SPD16_eabi.lib : fd_add_t2.asm.obj (.text)
                  0000123e    00000002     --HOLE-- [fill = 0]
                  00001240    00000158                                   : e_sqrt.c.obj (.text:sqrt)
                  00001398    00000136                                   : fd_div_t2.asm.obj (.text)
                  000014ce    00000002     --HOLE-- [fill = 0]
                  000014d0    00000110                                   : s_scalbn.c.obj (.text:scalbn)
                  000015e0    000000fc                                   : fd_mul_t2.asm.obj (.text)
                  000016dc    0000009c                                   : memcpy_t2.asm.obj (.text)
                  00001778    00000086                                   : fd_cmp_t2.asm.obj (.text:__aeabi_cdcmple)
                  000017fe    00000086                                   : fd_cmp_t2.asm.obj (.text:__aeabi_cdrcmple)
                  00001884    00000068                                   : copy_decompress_lzss.c.obj (.text:decompress:lzss:__TI_decompress_lzss)
                  000018ec    0000004c                                   : atoi.c.obj (.text:atoi)
                  00001938    00000048     driverlib.lib : gpio.obj (.text:GPIOPinConfigure)
                  00001980    00000048     rtsv7M4_T_le_v4SPD16_eabi.lib : fd_toi_t2.asm.obj (.text)
                  000019c8    00000044                                   : autoinit.c.obj (.text:__TI_auto_init_nobinit_nopinit:__TI_auto_init_nobinit_nopinit)
                  00001a0c    00000034                                   : boot_cortex_m.c.obj (.text:_c_int00_noargs:_c_int00_noargs)
                  00001a40    0000002e                                   : i_tofd_t2.asm.obj (.text)
                  00001a6e    00000020                                   : u_tofd_t2.asm.obj (.text)
                  00001a8e    0000001c                                   : copy_zero_init.c.obj (.text:decompress:ZI:__TI_zero_init_nomemset:__TI_zero_init_nomemset)
                  00001aaa    0000001a                                   : s_copysign.c.obj (.text:copysign)
                  00001ac4    0000000e                                   : copy_decompress_none.c.obj (.text:decompress:none:__TI_decompress_none)
                  00001ad2    0000000c     tm4c123gh6pm_startup_ccs.obj (.text)
                  00001ade    0000000a     driverlib.lib : uart.obj (.text:UARTCharGet)
                  00001ae8    00000008     rtsv7M4_T_le_v4SPD16_eabi.lib : errno.c.obj (.text:__aeabi_errno_addr)
                  00001af0    00000006     driverlib.lib : gpio.obj (.text:GPIOPinWrite)
                  00001af6    00000006                   : sysctl.obj (.text:SysCtlDelay)
                  00001afc    00000004     rtsv7M4_T_le_v4SPD16_eabi.lib : pre_init.c.obj (.text:_system_pre_init)
                  00001b00    00000004                                   : exit.c.obj (.text:abort:abort)

.const     0    00001b08    000001c8     
                  00001b08    00000101     rtsv7M4_T_le_v4SPD16_eabi.lib : ctype.c.obj (.const:.string:_ctypes_)
                  00001c09    00000003     --HOLE-- [fill = 0]
                  00001c0c    00000090     driverlib.lib : gpio.obj (.const:g_pui32GPIOBaseAddrs)
                  00001c9c    00000004     --HOLE-- [fill = 0]
                  00001ca0    00000030     rtsv7M4_T_le_v4SPD16_eabi.lib : e_pow.c.obj (.const:$O1$$)

.cinit     0    00001cd0    00000040     
                  00001cd0    0000001c     (.cinit..data.load) [load image, compression = lzss]
                  00001cec    0000000c     (__TI_handler_table)
                  00001cf8    00000008     (.cinit..bss.load) [load image, compression = zero_init]
                  00001d00    00000010     (__TI_cinit_table)

.init_array 
*          0    00000000    00000000     UNINITIALIZED

.data      0    20000200    00000028     UNINITIALIZED
                  20000200    00000024     main_test_echo.obj (.data)
                  20000224    00000004     rtsv7M4_T_le_v4SPD16_eabi.lib : errno.c.obj (.data)

.bss       0    20000228    00000014     UNINITIALIZED
                  20000228    00000004     (.common:kd)
                  2000022c    00000004     (.common:ki)
                  20000230    00000004     (.common:kp)
                  20000234    00000004     (.common:mensaje)
                  20000238    00000004     (.common:mensaje2)

.stack     0    20000000    00000200     UNINITIALIZED
                  20000000    00000004     rtsv7M4_T_le_v4SPD16_eabi.lib : boot_cortex_m.c.obj (.stack)
                  20000004    000001fc     --HOLE--

__llvm_prf_cnts 
*          0    20000000    00000000     UNINITIALIZED

MODULE SUMMARY

       Module                         code   ro data   rw data
       ------                         ----   -------   -------
    .\
       main_test_echo.obj             1100   0         56     
       tm4c123gh6pm_startup_ccs.obj   12     620       0      
    +--+------------------------------+------+---------+---------+
       Total:                         1112   620       56     
                                                              
    C:/ti/TivaWare_C_Series-2.1.4.178/driverlib/ccs/Debug/driverlib.lib
       gpio.obj                       78     144       0      
       uart.obj                       10     0         0      
       sysctl.obj                     6      0         0      
    +--+------------------------------+------+---------+---------+
       Total:                         94     144       0      
                                                              
    C:\ti\ccs1031\ccs\tools\compiler\ti-cgt-arm_20.2.5.LTS\lib\rtsv7M4_T_le_v4SPD16_eabi.lib
       e_pow.c.obj                    2512   48        0      
       fd_add_t2.asm.obj              438    0         0      
       e_sqrt.c.obj                   344    0         0      
       fd_div_t2.asm.obj              310    0         0      
       s_scalbn.c.obj                 272    0         0      
       fd_cmp_t2.asm.obj              268    0         0      
       ctype.c.obj                    0      257       0      
       fd_mul_t2.asm.obj              252    0         0      
       memcpy_t2.asm.obj              156    0         0      
       copy_decompress_lzss.c.obj     104    0         0      
       atoi.c.obj                     76     0         0      
       fd_toi_t2.asm.obj              72     0         0      
       autoinit.c.obj                 68     0         0      
       boot_cortex_m.c.obj            52     0         0      
       i_tofd_t2.asm.obj              46     0         0      
       u_tofd_t2.asm.obj              32     0         0      
       copy_zero_init.c.obj           28     0         0      
       s_copysign.c.obj               26     0         0      
       copy_decompress_none.c.obj     14     0         0      
       errno.c.obj                    8      0         4      
       exit.c.obj                     4      0         0      
       pre_init.c.obj                 4      0         0      
    +--+------------------------------+------+---------+---------+
       Total:                         5086   305       4      
                                                              
       Stack:                         0      0         512    
       Linker Generated:              0      64        0      
    +--+------------------------------+------+---------+---------+
       Grand Total:                   6292   1133      572    


LINKER GENERATED COPY TABLES

__TI_cinit_table @ 00001d00 records: 2, size/record: 8, table size: 16
	.data: load addr=00001cd0, load size=0000001c bytes, run addr=20000200, run size=00000028 bytes, compression=lzss
	.bss: load addr=00001cf8, load size=00000008 bytes, run addr=20000228, run size=00000014 bytes, compression=zero_init


LINKER GENERATED HANDLER TABLE

__TI_handler_table @ 00001cec records: 3, size/record: 4, table size: 12
	index: 0, handler: __TI_decompress_lzss
	index: 1, handler: __TI_decompress_none
	index: 2, handler: __TI_zero_init


GLOBAL SYMBOLS: SORTED ALPHABETICALLY BY Name 

address   name                          
-------   ----                          
00001b01  C$$EXIT                       
00001939  GPIOPinConfigure              
00001af1  GPIOPinWrite                  
00001ad3  ResetISR                      
00001af7  SysCtlDelay                   
00001adf  UARTCharGet                   
00000c6b  UARTIntHandler                
00000c3d  UARTSend                      
20000200  __STACK_END                   
00000200  __STACK_SIZE                  
20000200  __STACK_TOP                   
00001d00  __TI_CINIT_Base               
00001d10  __TI_CINIT_Limit              
00001cec  __TI_Handler_Table_Base       
00001cf8  __TI_Handler_Table_Limit      
000019c9  __TI_auto_init_nobinit_nopinit
00001885  __TI_decompress_lzss          
00001ac5  __TI_decompress_none          
ffffffff  __TI_pprof_out_hndl           
ffffffff  __TI_prof_data_size           
ffffffff  __TI_prof_data_start          
00000000  __TI_static_base__            
00001a8f  __TI_zero_init_nomemset       
00001779  __aeabi_cdcmpeq               
00001779  __aeabi_cdcmple               
000017ff  __aeabi_cdrcmple              
00001981  __aeabi_d2iz                  
00001093  __aeabi_dadd                  
00001399  __aeabi_ddiv                  
000015e1  __aeabi_dmul                  
00001089  __aeabi_dsub                  
00001ae9  __aeabi_errno_addr            
00001a41  __aeabi_i2d                   
000016dd  __aeabi_memcpy                
000016dd  __aeabi_memcpy4               
000016dd  __aeabi_memcpy8               
00001a6f  __aeabi_ui2d                  
ffffffff  __binit__                     
ffffffff  __c_args__                    
UNDEFED   __mpu_init                    
20000000  __stack                       
20000000  __start___llvm_prf_cnts       
20000000  __stop___llvm_prf_cnts        
00001a0d  _c_int00_noargs               
00001b08  _ctypes_                      
UNDEFED   _system_post_cinit            
00001afd  _system_pre_init              
00001b01  abort                         
000018ed  atoi                          
20000200  ban                           
20000208  ban1                          
20000209  ban2                          
2000020a  ban3                          
2000020b  ban4                          
ffffffff  binit                         
00001aab  copysign                      
00001aab  copysignl                     
20000224  errno                         
00000000  g_pfnVectors                  
20000204  ind                           
20000228  kd                            
2000021c  kd1                           
20000222  kd2                           
2000022c  ki                            
2000021a  ki1                           
20000220  ki2                           
20000230  kp                            
20000218  kp1                           
2000021e  kp2                           
000014d1  ldexp                         
000014d1  ldexpl                        
2000020c  length                        
2000020e  length2                       
20000214  lvl                           
00000e25  main                          
000016dd  memcpy                        
20000234  mensaje                       
20000238  mensaje2                      
20000210  mensajes                      
0000026d  pow                           
0000026d  powl                          
000014d1  scalbn                        
000014d1  scalbnl                       
00001241  sqrt                          
00001241  sqrtl                         


GLOBAL SYMBOLS: SORTED BY Symbol Address 

address   name                          
-------   ----                          
00000000  __TI_static_base__            
00000000  g_pfnVectors                  
00000200  __STACK_SIZE                  
0000026d  pow                           
0000026d  powl                          
00000c3d  UARTSend                      
00000c6b  UARTIntHandler                
00000e25  main                          
00001089  __aeabi_dsub                  
00001093  __aeabi_dadd                  
00001241  sqrt                          
00001241  sqrtl                         
00001399  __aeabi_ddiv                  
000014d1  ldexp                         
000014d1  ldexpl                        
000014d1  scalbn                        
000014d1  scalbnl                       
000015e1  __aeabi_dmul                  
000016dd  __aeabi_memcpy                
000016dd  __aeabi_memcpy4               
000016dd  __aeabi_memcpy8               
000016dd  memcpy                        
00001779  __aeabi_cdcmpeq               
00001779  __aeabi_cdcmple               
000017ff  __aeabi_cdrcmple              
00001885  __TI_decompress_lzss          
000018ed  atoi                          
00001939  GPIOPinConfigure              
00001981  __aeabi_d2iz                  
000019c9  __TI_auto_init_nobinit_nopinit
00001a0d  _c_int00_noargs               
00001a41  __aeabi_i2d                   
00001a6f  __aeabi_ui2d                  
00001a8f  __TI_zero_init_nomemset       
00001aab  copysign                      
00001aab  copysignl                     
00001ac5  __TI_decompress_none          
00001ad3  ResetISR                      
00001adf  UARTCharGet                   
00001ae9  __aeabi_errno_addr            
00001af1  GPIOPinWrite                  
00001af7  SysCtlDelay                   
00001afd  _system_pre_init              
00001b01  C$$EXIT                       
00001b01  abort                         
00001b08  _ctypes_                      
00001cec  __TI_Handler_Table_Base       
00001cf8  __TI_Handler_Table_Limit      
00001d00  __TI_CINIT_Base               
00001d10  __TI_CINIT_Limit              
20000000  __stack                       
20000000  __start___llvm_prf_cnts       
20000000  __stop___llvm_prf_cnts        
20000200  __STACK_END                   
20000200  __STACK_TOP                   
20000200  ban                           
20000204  ind                           
20000208  ban1                          
20000209  ban2                          
2000020a  ban3                          
2000020b  ban4                          
2000020c  length                        
2000020e  length2                       
20000210  mensajes                      
20000214  lvl                           
20000218  kp1                           
2000021a  ki1                           
2000021c  kd1                           
2000021e  kp2                           
20000220  ki2                           
20000222  kd2                           
20000224  errno                         
20000228  kd                            
2000022c  ki                            
20000230  kp                            
20000234  mensaje                       
20000238  mensaje2                      
ffffffff  __TI_pprof_out_hndl           
ffffffff  __TI_prof_data_size           
ffffffff  __TI_prof_data_start          
ffffffff  __binit__                     
ffffffff  __c_args__                    
ffffffff  binit                         
UNDEFED   __mpu_init                    
UNDEFED   _system_post_cinit            

[85 symbols]
