******************************************************************************
                  TI ARM Linker PC v20.2.5                     
******************************************************************************
>> Linked Mon Feb 21 13:03:42 2022

OUTPUT FILE NAME:   <test.out>
ENTRY POINT SYMBOL: "_c_int00_noargs"  address: 00001671


MEMORY CONFIGURATION

         name            origin    length      used     unused   attr    fill
----------------------  --------  ---------  --------  --------  ----  --------
  FLASH                 00000000   00040000  00001714  0003e8ec  R  X
  SRAM                  20000000   00008000  00000201  00007dff  RW X


SEGMENT ALLOCATION MAP

run origin  load origin   length   init length attrs members
----------  ----------- ---------- ----------- ----- -------
00000000    00000000    00001714   00001714    r-x
  00000000    00000000    0000026c   0000026c    r-- .intvecs
  0000026c    0000026c    00001474   00001474    r-x .text
  000016e0    000016e0    00000020   00000020    r-- .const
  00001700    00001700    00000014   00000014    r-- .cinit
20000000    20000000    00000201   00000000    rw-
  20000000    20000000    00000200   00000000    rw- .stack
  20000200    20000200    00000001   00000000    rw- .bss


SECTION ALLOCATION MAP

 output                                  attributes/
section   page    origin      length       input sections
--------  ----  ----------  ----------   ----------------
.intvecs   0    00000000    0000026c     
                  00000000    0000026c     tm4c123gh6pm_startup_ccs.obj (.intvecs)

.text      0    0000026c    00001474     
                  0000026c    00000cd8     i2cm_drv.obj (.text)
                  00000f44    000005b0     mpu6050.obj (.text)
                  000014f4    00000094     adc_timer_uart.obj (.text)
                  00001588    00000044     rtsv7M4_T_le_v4SPD16_eabi.lib : autoinit.c.obj (.text:__TI_auto_init_nobinit_nopinit:__TI_auto_init_nobinit_nopinit)
                  000015cc    00000036     adc_timer_uart.obj (.text:I2CMRead)
                  00001602    00000036     adc_timer_uart.obj (.text:I2CMWrite)
                  00001638    00000036     adc_timer_uart.obj (.text:I2CMWriteBatched)
                  0000166e    00000002     --HOLE-- [fill = 0]
                  00001670    00000034     rtsv7M4_T_le_v4SPD16_eabi.lib : boot_cortex_m.c.obj (.text:_c_int00_noargs:_c_int00_noargs)
                  000016a4    0000001c                                   : copy_zero_init.c.obj (.text:decompress:ZI:__TI_zero_init_nomemset:__TI_zero_init_nomemset)
                  000016c0    0000000c     driverlib.lib : interrupt.obj (.text:IntTrigger)
                  000016cc    0000000c     tm4c123gh6pm_startup_ccs.obj (.text)
                  000016d8    00000004     rtsv7M4_T_le_v4SPD16_eabi.lib : pre_init.c.obj (.text:_system_pre_init)
                  000016dc    00000004                                   : exit.c.obj (.text:abort:abort)

.const     0    000016e0    00000020     
                  000016e0    00000010     mpu6050.obj (.const:g_fMPU6050AccelFactors)
                  000016f0    00000010     mpu6050.obj (.const:g_fMPU6050GyroFactors)

.cinit     0    00001700    00000014     
                  00001700    00000008     (.cinit..bss.load) [load image, compression = zero_init]
                  00001708    00000004     (__TI_handler_table)
                  0000170c    00000008     (__TI_cinit_table)

.init_array 
*          0    00000000    00000000     UNINITIALIZED

.bss       0    20000200    00000001     UNINITIALIZED
                  20000200    00000001     (.common:g_bMPU6050Done)

.stack     0    20000000    00000200     UNINITIALIZED
                  20000000    00000004     rtsv7M4_T_le_v4SPD16_eabi.lib : boot_cortex_m.c.obj (.stack)
                  20000004    000001fc     --HOLE--

__llvm_prf_cnts 
*          0    20000000    00000000     UNINITIALIZED

MODULE SUMMARY

       Module                         code   ro data   rw data
       ------                         ----   -------   -------
    .\
       i2cm_drv.obj                   3288   0         0      
       mpu6050.obj                    1456   32        0      
       tm4c123gh6pm_startup_ccs.obj   12     620       0      
       adc_timer_uart.obj             310    0         1      
    +--+------------------------------+------+---------+---------+
       Total:                         5066   652       1      
                                                              
    C:/ti/TivaWare_C_Series-2.1.4.178/driverlib/ccs/Debug/driverlib.lib
       interrupt.obj                  12     0         0      
    +--+------------------------------+------+---------+---------+
       Total:                         12     0         0      
                                                              
    C:\ti\ccs1031\ccs\tools\compiler\ti-cgt-arm_20.2.5.LTS\lib\rtsv7M4_T_le_v4SPD16_eabi.lib
       autoinit.c.obj                 68     0         0      
       boot_cortex_m.c.obj            52     0         0      
       copy_zero_init.c.obj           28     0         0      
       exit.c.obj                     4      0         0      
       pre_init.c.obj                 4      0         0      
    +--+------------------------------+------+---------+---------+
       Total:                         156    0         0      
                                                              
       Stack:                         0      0         512    
       Linker Generated:              0      20        0      
    +--+------------------------------+------+---------+---------+
       Grand Total:                   5234   672       513    


LINKER GENERATED COPY TABLES

__TI_cinit_table @ 0000170c records: 1, size/record: 8, table size: 8
	.bss: load addr=00001700, load size=00000008 bytes, run addr=20000200, run size=00000001 bytes, compression=zero_init


LINKER GENERATED HANDLER TABLE

__TI_handler_table @ 00001708 records: 1, size/record: 4, table size: 4
	index: 0, handler: __TI_zero_init


GLOBAL SYMBOLS: SORTED ALPHABETICALLY BY Name 

address   name                          
-------   ----                          
000016dd  C$$EXIT                       
00000923  I2CMCommand                   
000008bb  I2CMInit                      
0000078f  I2CMIntHandler                
000015cd  I2CMRead                      
00000e09  I2CMRead16BE                  
00000c2d  I2CMReadModifyWrite16LE       
00000add  I2CMReadModifyWrite8          
00000a07  I2CMTransferResume            
00001603  I2CMWrite                     
00000ecf  I2CMWrite16BE                 
00000d3d  I2CMWrite8                    
00001639  I2CMWriteBatched              
000016c1  IntTrigger                    
000014f5  MPU6050Callback               
00001375  MPU6050DataAccelGetFloat      
00001329  MPU6050DataAccelGetRaw        
00001459  MPU6050DataGyroGetFloat       
00001409  MPU6050DataGyroGetRaw         
000012c5  MPU6050DataRead               
000010af  MPU6050Init                   
00001131  MPU6050Read                   
00001267  MPU6050ReadModifyWrite        
0000119d  MPU6050Write                  
000016cd  ResetISR                      
20000200  __STACK_END                   
00000200  __STACK_SIZE                  
20000200  __STACK_TOP                   
0000170c  __TI_CINIT_Base               
00001714  __TI_CINIT_Limit              
00001708  __TI_Handler_Table_Base       
0000170c  __TI_Handler_Table_Limit      
00001589  __TI_auto_init_nobinit_nopinit
ffffffff  __TI_pprof_out_hndl           
ffffffff  __TI_prof_data_size           
ffffffff  __TI_prof_data_start          
00000000  __TI_static_base__            
000016a5  __TI_zero_init_nomemset       
ffffffff  __binit__                     
ffffffff  __c_args__                    
UNDEFED   __mpu_init                    
20000000  __stack                       
20000000  __start___llvm_prf_cnts       
20000000  __stop___llvm_prf_cnts        
00001671  _c_int00_noargs               
UNDEFED   _system_post_cinit            
000016d9  _system_pre_init              
000016dd  abort                         
ffffffff  binit                         
20000200  g_bMPU6050Done                
00000000  g_pfnVectors                  
00001507  main                          


GLOBAL SYMBOLS: SORTED BY Symbol Address 

address   name                          
-------   ----                          
00000000  __TI_static_base__            
00000000  g_pfnVectors                  
00000200  __STACK_SIZE                  
0000078f  I2CMIntHandler                
000008bb  I2CMInit                      
00000923  I2CMCommand                   
00000a07  I2CMTransferResume            
00000add  I2CMReadModifyWrite8          
00000c2d  I2CMReadModifyWrite16LE       
00000d3d  I2CMWrite8                    
00000e09  I2CMRead16BE                  
00000ecf  I2CMWrite16BE                 
000010af  MPU6050Init                   
00001131  MPU6050Read                   
0000119d  MPU6050Write                  
00001267  MPU6050ReadModifyWrite        
000012c5  MPU6050DataRead               
00001329  MPU6050DataAccelGetRaw        
00001375  MPU6050DataAccelGetFloat      
00001409  MPU6050DataGyroGetRaw         
00001459  MPU6050DataGyroGetFloat       
000014f5  MPU6050Callback               
00001507  main                          
00001589  __TI_auto_init_nobinit_nopinit
000015cd  I2CMRead                      
00001603  I2CMWrite                     
00001639  I2CMWriteBatched              
00001671  _c_int00_noargs               
000016a5  __TI_zero_init_nomemset       
000016c1  IntTrigger                    
000016cd  ResetISR                      
000016d9  _system_pre_init              
000016dd  C$$EXIT                       
000016dd  abort                         
00001708  __TI_Handler_Table_Base       
0000170c  __TI_CINIT_Base               
0000170c  __TI_Handler_Table_Limit      
00001714  __TI_CINIT_Limit              
20000000  __stack                       
20000000  __start___llvm_prf_cnts       
20000000  __stop___llvm_prf_cnts        
20000200  __STACK_END                   
20000200  __STACK_TOP                   
20000200  g_bMPU6050Done                
ffffffff  __TI_pprof_out_hndl           
ffffffff  __TI_prof_data_size           
ffffffff  __TI_prof_data_start          
ffffffff  __binit__                     
ffffffff  __c_args__                    
ffffffff  binit                         
UNDEFED   __mpu_init                    
UNDEFED   _system_post_cinit            

[52 symbols]
