******************************************************************************
                  TI ARM Linker PC v20.2.5                     
******************************************************************************
>> Linked Mon Mar 14 11:14:14 2022

OUTPUT FILE NAME:   <test_pwm.out>
ENTRY POINT SYMBOL: "_c_int00_noargs"  address: 00000925


MEMORY CONFIGURATION

         name            origin    length      used     unused   attr    fill
----------------------  --------  ---------  --------  --------  ----  --------
  FLASH                 00000000   00040000  00000bec  0003f414  R  X
  SRAM                  20000000   00008000  00000204  00007dfc  RW X


SEGMENT ALLOCATION MAP

run origin  load origin   length   init length attrs members
----------  ----------- ---------- ----------- ----- -------
00000000    00000000    00000bec   00000bec    r-x
  00000000    00000000    0000026c   0000026c    r-- .intvecs
  0000026c    0000026c    00000870   00000870    r-x .text
  00000adc    00000adc    000000fc   000000fc    r-- .const
  00000bd8    00000bd8    00000014   00000014    r-- .cinit
20000000    20000000    00000204   00000000    rw-
  20000000    20000000    00000200   00000000    rw- .stack
  20000200    20000200    00000004   00000000    rw- .bss


SECTION ALLOCATION MAP

 output                                  attributes/
section   page    origin      length       input sections
--------  ----  ----------  ----------   ----------------
.intvecs   0    00000000    0000026c     
                  00000000    0000026c     tm4c123gh6pm_startup_ccs.obj (.intvecs)

.text      0    0000026c    00000870     
                  0000026c    000001f4     test_pwm.obj (.text)
                  00000460    00000132     driverlib.lib : gpio.obj (.text:GPIOPadConfigSet)
                  00000592    00000002     --HOLE-- [fill = 0]
                  00000594    00000110                   : sysctl.obj (.text:SysCtlClockGet)
                  000006a4    000000f4                   : sysctl.obj (.text:SysCtlClockSet)
                  00000798    0000007a                   : adc.obj (.text:ADCSequenceStepConfigure)
                  00000812    00000050                   : adc.obj (.text:ADCSequenceConfigure)
                  00000862    00000002     --HOLE-- [fill = 0]
                  00000864    00000048                   : gpio.obj (.text:GPIOPinConfigure)
                  000008ac    00000044     rtsv7M4_T_le_v4SPD16_eabi.lib : autoinit.c.obj (.text:__TI_auto_init_nobinit_nopinit:__TI_auto_init_nobinit_nopinit)
                  000008f0    00000034     driverlib.lib : sysctl.obj (.text:SysCtlPeripheralEnable)
                  00000924    00000034     rtsv7M4_T_le_v4SPD16_eabi.lib : boot_cortex_m.c.obj (.text:_c_int00_noargs:_c_int00_noargs)
                  00000958    0000002e     driverlib.lib : adc.obj (.text:ADCIntStatus)
                  00000986    0000002a                   : gpio.obj (.text:GPIODirModeSet)
                  000009b0    00000022                   : pwm.obj (.text:PWMGenConfigure)
                  000009d2    0000001e                   : adc.obj (.text:ADCSequenceDataGet)
                  000009f0    0000001e                   : pwm.obj (.text:PWMPulseWidthSet)
                  00000a0e    0000001c     rtsv7M4_T_le_v4SPD16_eabi.lib : copy_zero_init.c.obj (.text:decompress:ZI:__TI_zero_init_nomemset:__TI_zero_init_nomemset)
                  00000a2a    00000018     driverlib.lib : adc.obj (.text:ADCProcessorTrigger)
                  00000a42    00000002     --HOLE-- [fill = 0]
                  00000a44    00000014                   : sysctl.obj (.text:SysCtlPWMClockSet)
                  00000a58    00000012                   : gpio.obj (.text:GPIOPinTypeADC)
                  00000a6a    00000012                   : gpio.obj (.text:GPIOPinTypePWM)
                  00000a7c    00000012                   : pwm.obj (.text:PWMOutputState)
                  00000a8e    00000010                   : pwm.obj (.text:PWMGenPeriodSet)
                  00000a9e    0000000e                   : adc.obj (.text:ADCSequenceEnable)
                  00000aac    0000000c                   : pwm.obj (.text:PWMGenEnable)
                  00000ab8    0000000c     tm4c123gh6pm_startup_ccs.obj (.text)
                  00000ac4    0000000a     driverlib.lib : adc.obj (.text:ADCIntClear)
                  00000ace    00000006                   : sysctl.obj (.text:SysCtlDelay)
                  00000ad4    00000004     rtsv7M4_T_le_v4SPD16_eabi.lib : pre_init.c.obj (.text:_system_pre_init)
                  00000ad8    00000004                                   : exit.c.obj (.text:abort:abort)

.const     0    00000adc    000000fc     
                  00000adc    00000090     driverlib.lib : gpio.obj (.const:g_pui32GPIOBaseAddrs)
                  00000b6c    0000006c                   : sysctl.obj (.const:g_pui32Xtals)

.cinit     0    00000bd8    00000014     
                  00000bd8    00000008     (.cinit..bss.load) [load image, compression = zero_init]
                  00000be0    00000004     (__TI_handler_table)
                  00000be4    00000008     (__TI_cinit_table)

.init_array 
*          0    00000000    00000000     UNINITIALIZED

.bss       0    20000200    00000004     UNINITIALIZED
                  20000200    00000004     (.common:DutyCycle)

.stack     0    20000000    00000200     UNINITIALIZED
                  20000000    00000004     rtsv7M4_T_le_v4SPD16_eabi.lib : boot_cortex_m.c.obj (.stack)
                  20000004    000001fc     --HOLE--

__llvm_prf_cnts 
*          0    20000000    00000000     UNINITIALIZED

MODULE SUMMARY

       Module                         code   ro data   rw data
       ------                         ----   -------   -------
    .\
       tm4c123gh6pm_startup_ccs.obj   12     620       0      
       test_pwm.obj                   500    0         4      
    +--+------------------------------+------+---------+---------+
       Total:                         512    620       4      
                                                              
    C:/ti/TivaWare_C_Series-2.1.4.178/driverlib/ccs/Debug/driverlib.lib
       sysctl.obj                     594    108       0      
       gpio.obj                       456    144       0      
       adc.obj                        326    0         0      
       pwm.obj                        110    0         0      
    +--+------------------------------+------+---------+---------+
       Total:                         1486   252       0      
                                                              
    C:\ti\ccs1031\ccs\tools\compiler\ti-cgt-arm_20.2.5.LTS\lib\rtsv7M4_T_le_v4SPD16_eabi.lib
       autoinit.c.obj                 68     0         0      
       boot_cortex_m.c.obj            52     0         0      
       copy_zero_init.c.obj           28     0         0      
       exit.c.obj                     4      0         0      
       pre_init.c.obj                 4      0         0      
    +--+------------------------------+------+---------+---------+
       Total:                         156    0         0      
                                                              
       Stack:                         0      0         512    
       Linker Generated:              0      20        0      
    +--+------------------------------+------+---------+---------+
       Grand Total:                   2154   892       516    


LINKER GENERATED COPY TABLES

__TI_cinit_table @ 00000be4 records: 1, size/record: 8, table size: 8
	.bss: load addr=00000bd8, load size=00000008 bytes, run addr=20000200, run size=00000004 bytes, compression=zero_init


LINKER GENERATED HANDLER TABLE

__TI_handler_table @ 00000be0 records: 1, size/record: 4, table size: 4
	index: 0, handler: __TI_zero_init


GLOBAL SYMBOLS: SORTED ALPHABETICALLY BY Name 

address   name                          
-------   ----                          
00000ac5  ADCIntClear                   
00000959  ADCIntStatus                  
00000a2b  ADCProcessorTrigger           
00000813  ADCSequenceConfigure          
000009d3  ADCSequenceDataGet            
00000a9f  ADCSequenceEnable             
00000799  ADCSequenceStepConfigure      
00000ad9  C$$EXIT                       
20000200  DutyCycle                     
00000987  GPIODirModeSet                
00000461  GPIOPadConfigSet              
00000865  GPIOPinConfigure              
00000a59  GPIOPinTypeADC                
00000a6b  GPIOPinTypePWM                
000009b1  PWMGenConfigure               
00000aad  PWMGenEnable                  
00000a8f  PWMGenPeriodSet               
00000a7d  PWMOutputState                
000009f1  PWMPulseWidthSet              
00000ab9  ResetISR                      
00000595  SysCtlClockGet                
000006a5  SysCtlClockSet                
00000acf  SysCtlDelay                   
00000a45  SysCtlPWMClockSet             
000008f1  SysCtlPeripheralEnable        
20000200  __STACK_END                   
00000200  __STACK_SIZE                  
20000200  __STACK_TOP                   
00000be4  __TI_CINIT_Base               
00000bec  __TI_CINIT_Limit              
00000be0  __TI_Handler_Table_Base       
00000be4  __TI_Handler_Table_Limit      
000008ad  __TI_auto_init_nobinit_nopinit
ffffffff  __TI_pprof_out_hndl           
ffffffff  __TI_prof_data_size           
ffffffff  __TI_prof_data_start          
00000000  __TI_static_base__            
00000a0f  __TI_zero_init_nomemset       
ffffffff  __binit__                     
ffffffff  __c_args__                    
UNDEFED   __mpu_init                    
20000000  __stack                       
20000000  __start___llvm_prf_cnts       
20000000  __stop___llvm_prf_cnts        
00000925  _c_int00_noargs               
UNDEFED   _system_post_cinit            
00000ad5  _system_pre_init              
00000ad9  abort                         
ffffffff  binit                         
00000000  g_pfnVectors                  
0000026d  main                          


GLOBAL SYMBOLS: SORTED BY Symbol Address 

address   name                          
-------   ----                          
00000000  __TI_static_base__            
00000000  g_pfnVectors                  
00000200  __STACK_SIZE                  
0000026d  main                          
00000461  GPIOPadConfigSet              
00000595  SysCtlClockGet                
000006a5  SysCtlClockSet                
00000799  ADCSequenceStepConfigure      
00000813  ADCSequenceConfigure          
00000865  GPIOPinConfigure              
000008ad  __TI_auto_init_nobinit_nopinit
000008f1  SysCtlPeripheralEnable        
00000925  _c_int00_noargs               
00000959  ADCIntStatus                  
00000987  GPIODirModeSet                
000009b1  PWMGenConfigure               
000009d3  ADCSequenceDataGet            
000009f1  PWMPulseWidthSet              
00000a0f  __TI_zero_init_nomemset       
00000a2b  ADCProcessorTrigger           
00000a45  SysCtlPWMClockSet             
00000a59  GPIOPinTypeADC                
00000a6b  GPIOPinTypePWM                
00000a7d  PWMOutputState                
00000a8f  PWMGenPeriodSet               
00000a9f  ADCSequenceEnable             
00000aad  PWMGenEnable                  
00000ab9  ResetISR                      
00000ac5  ADCIntClear                   
00000acf  SysCtlDelay                   
00000ad5  _system_pre_init              
00000ad9  C$$EXIT                       
00000ad9  abort                         
00000be0  __TI_Handler_Table_Base       
00000be4  __TI_CINIT_Base               
00000be4  __TI_Handler_Table_Limit      
00000bec  __TI_CINIT_Limit              
20000000  __stack                       
20000000  __start___llvm_prf_cnts       
20000000  __stop___llvm_prf_cnts        
20000200  DutyCycle                     
20000200  __STACK_END                   
20000200  __STACK_TOP                   
ffffffff  __TI_pprof_out_hndl           
ffffffff  __TI_prof_data_size           
ffffffff  __TI_prof_data_start          
ffffffff  __binit__                     
ffffffff  __c_args__                    
ffffffff  binit                         
UNDEFED   __mpu_init                    
UNDEFED   _system_post_cinit            

[51 symbols]
